Product: MDK-ARM Standard 5.10
Component: ARM Compiler 5.04 update 1 (build 49)
Tool: armlink [5040049]

==============================================================================

Section Cross References

    main.o(i.ActiveDevice_ExtiClose) refers to stm32l1xx_rcc.o(i.RCC_APB2PeriphClockCmd) for RCC_APB2PeriphClockCmd
    main.o(i.ActiveDevice_ExtiClose) refers to stm32l1xx_syscfg.o(i.SYSCFG_EXTILineConfig) for SYSCFG_EXTILineConfig
    main.o(i.ActiveDevice_ExtiClose) refers to stm32l1xx_exti.o(i.EXTI_Init) for EXTI_Init
    main.o(i.ActiveDevice_ExtiClose) refers to misc.o(i.NVIC_Init) for NVIC_Init
    main.o(i.ActiveDevice_ExtiOpen) refers to main.o(i.ActiveDevice_Init) for ActiveDevice_Init
    main.o(i.ActiveDevice_ExtiOpen) refers to stm32l1xx_rcc.o(i.RCC_APB2PeriphClockCmd) for RCC_APB2PeriphClockCmd
    main.o(i.ActiveDevice_ExtiOpen) refers to stm32l1xx_syscfg.o(i.SYSCFG_EXTILineConfig) for SYSCFG_EXTILineConfig
    main.o(i.ActiveDevice_ExtiOpen) refers to stm32l1xx_exti.o(i.EXTI_Init) for EXTI_Init
    main.o(i.ActiveDevice_ExtiOpen) refers to misc.o(i.NVIC_Init) for NVIC_Init
    main.o(i.ActiveDevice_Init) refers to stm32l1xx_rcc.o(i.RCC_AHBPeriphClockCmd) for RCC_AHBPeriphClockCmd
    main.o(i.ActiveDevice_Init) refers to stm32l1xx_gpio.o(i.GPIO_Init) for GPIO_Init
    main.o(i.EXTI15_10_IRQHandler) refers to stm32l1xx_exti.o(i.EXTI_GetFlagStatus) for EXTI_GetFlagStatus
    main.o(i.EXTI15_10_IRQHandler) refers to stm32l1xx_exti.o(i.EXTI_ClearITPendingBit) for EXTI_ClearITPendingBit
    main.o(i.EXTI15_10_IRQHandler) refers to printf5.o(i.__0printf$5) for __2printf
    main.o(i.EXTI15_10_IRQHandler) refers to tasks.o(i.vTaskNotifyGiveFromISR) for vTaskNotifyGiveFromISR
    main.o(i.EXTI15_10_IRQHandler) refers to main.o(.data) for .data
    main.o(i.OS_PostSleepProcessing) refers to system_stm32l1xx.o(i.SystemInit) for SystemInit
    main.o(i.OS_PostSleepProcessing) refers to rtc.o(i.RTC_Config) for RTC_Config
    main.o(i.OS_PostSleepProcessing) refers to usart.o(i.Usart_Init) for Usart_Init
    main.o(i.OS_PostSleepProcessing) refers to led.o(i.LedInit) for LedInit
    main.o(i.OS_PostSleepProcessing) refers to printf5.o(i.__0printf$5) for __2printf
    main.o(i.OS_PreSleepProcessing) refers to printf5.o(i.__0printf$5) for __2printf
    main.o(i.OS_PreSleepProcessing) refers to led.o(i.LedDeInit) for LedDeInit
    main.o(i.OS_PreSleepProcessing) refers to iwdg.o(i.IWDG_Feed) for IWDG_Feed
    main.o(i.OS_PreSleepProcessing) refers to stm32l1xx_pwr.o(i.PWR_EnterSTOPMode) for PWR_EnterSTOPMode
    main.o(i.freertos_init) refers to tasks.o(i.xTaskCreate) for xTaskCreate
    main.o(i.freertos_init) refers to main.o(.data) for .data
    main.o(i.freertos_init) refers to main.o(i.task1) for task1
    main.o(i.freertos_init) refers to main.o(i.iwdg_task) for iwdg_task
    main.o(i.iwdg_task) refers to printf5.o(i.__0printf$5) for __2printf
    main.o(i.iwdg_task) refers to rtc.o(i.RTC_Set_WKUPTime) for RTC_Set_WKUPTime
    main.o(i.iwdg_task) refers to iwdg.o(i.IWDG_Feed) for IWDG_Feed
    main.o(i.iwdg_task) refers to tasks.o(i.pcTaskGetName) for pcTaskGetName
    main.o(i.iwdg_task) refers to heap_4.o(i.vPortFree) for vPortFree
    main.o(i.iwdg_task) refers to tasks.o(i.ulTaskNotifyTake) for ulTaskNotifyTake
    main.o(i.iwdg_task) refers to heap_4.o(i.xPortGetFreeHeapSize) for xPortGetFreeHeapSize
    main.o(i.iwdg_task) refers to heap_4.o(i.pvPortMalloc) for pvPortMalloc
    main.o(i.iwdg_task) refers to strlen.o(.text) for strlen
    main.o(i.iwdg_task) refers to strncpy.o(.text) for strncpy
    main.o(i.iwdg_task) refers to main.o(.data) for .data
    main.o(i.iwdg_task) refers to systick.o(.data) for sys_count
    main.o(i.main) refers to main.o(i.sys_init) for sys_init
    main.o(i.main) refers to main.o(i.freertos_init) for freertos_init
    main.o(i.main) refers to printf5.o(i.__0printf$5) for __2printf
    main.o(i.main) refers to tasks.o(i.vTaskStartScheduler) for vTaskStartScheduler
    main.o(i.sys_init) refers to system_stm32l1xx.o(i.SystemInit) for SystemInit
    main.o(i.sys_init) refers to misc.o(i.NVIC_PriorityGroupConfig) for NVIC_PriorityGroupConfig
    main.o(i.sys_init) refers to usart.o(i.Usart_Init) for Usart_Init
    main.o(i.sys_init) refers to led.o(i.LedInit) for LedInit
    main.o(i.sys_init) refers to rtc.o(i.RTC_Config) for RTC_Config
    main.o(i.sys_init) refers to iwdg.o(i.IWDG_Init) for IWDG_Init
    main.o(i.task1) refers to main.o(i.ActiveDevice_ExtiOpen) for ActiveDevice_ExtiOpen
    main.o(i.task1) refers to tasks.o(i.pcTaskGetName) for pcTaskGetName
    main.o(i.task1) refers to tasks.o(i.uxTaskPriorityGet) for uxTaskPriorityGet
    main.o(i.task1) refers to printf5.o(i.__0printf$5) for __2printf
    main.o(i.task1) refers to heap_4.o(i.vPortFree) for vPortFree
    main.o(i.task1) refers to tasks.o(i.ulTaskNotifyTake) for ulTaskNotifyTake
    main.o(i.task1) refers to tasks.o(i.vTaskDelay) for vTaskDelay
[...]
    Removing timers.o(i.xTimerGetTimerDaemonTaskHandle), (44 bytes).
    Removing timers.o(i.xTimerIsTimerActive), (56 bytes).
    Removing timers.o(i.xTimerPendFunctionCall), (80 bytes).
    Removing timers.o(i.xTimerPendFunctionCallFromISR), (40 bytes).
    Removing port.o(i.vPortEndScheduler), (52 bytes).
    Removing queue.o(i.pcQueueGetName), (40 bytes).
    Removing queue.o(i.ucQueueGetQueueType), (6 bytes).
    Removing queue.o(i.uxQueueGetQueueNumber), (4 bytes).
    Removing queue.o(i.uxQueueMessagesWaiting), (48 bytes).
    Removing queue.o(i.uxQueueMessagesWaitingFromISR), (36 bytes).
    Removing queue.o(i.uxQueueSpacesAvailable), (52 bytes).
    Removing queue.o(i.vQueueDelete), (48 bytes).
    Removing queue.o(i.vQueueSetQueueNumber), (4 bytes).
    Removing queue.o(i.vQueueUnregisterQueue), (40 bytes).
    Removing queue.o(i.xQueueCreateCountingSemaphore), (68 bytes).
    Removing queue.o(i.xQueueCreateMutex), (36 bytes).
    Removing queue.o(i.xQueueGiveFromISR), (156 bytes).
    Removing queue.o(i.xQueueGiveMutexRecursive), (72 bytes).
    Removing queue.o(i.xQueueIsQueueEmptyFromISR), (44 bytes).
    Removing queue.o(i.xQueueIsQueueFullFromISR), (48 bytes).
    Removing queue.o(i.xQueuePeekFromISR), (116 bytes).
    Removing queue.o(i.xQueueReceiveFromISR), (156 bytes).
    Removing queue.o(i.xQueueTakeMutexRecursive), (80 bytes).
    Removing heap_4.o(i.vPortInitialiseBlocks), (2 bytes).
    Removing heap_4.o(i.xPortGetMinimumEverFreeHeapSize), (12 bytes).
    Removing event_groups.o(i.prvTestWaitCondition), (20 bytes).
    Removing event_groups.o(i.uxEventGroupGetNumber), (8 bytes).
    Removing event_groups.o(i.vEventGroupClearBitsCallback), (4 bytes).
    Removing event_groups.o(i.vEventGroupDelete), (88 bytes).
    Removing event_groups.o(i.vEventGroupSetBitsCallback), (4 bytes).
    Removing event_groups.o(i.xEventGroupClearBits), (72 bytes).
    Removing event_groups.o(i.xEventGroupClearBitsFromISR), (16 bytes).
    Removing event_groups.o(i.xEventGroupCreate), (26 bytes).
    Removing event_groups.o(i.xEventGroupGetBitsFromISR), (26 bytes).
    Removing event_groups.o(i.xEventGroupSetBits), (148 bytes).
    Removing event_groups.o(i.xEventGroupSetBitsFromISR), (16 bytes).
    Removing event_groups.o(i.xEventGroupSync), (196 bytes).
    Removing event_groups.o(i.xEventGroupWaitBits), (260 bytes).
    Removing dadd.o(.text), (334 bytes).
    Removing dmul.o(.text), (228 bytes).
    Removing ddiv.o(.text), (222 bytes).
    Removing dfixul.o(.text), (48 bytes).
    Removing cdrcmple.o(.text), (40 bytes).
    Removing depilogue.o(.text), (182 bytes).

670 unused section(s) (total 23864 bytes) removed from the image.

==============================================================================

Image Symbol Table

    Local Symbols

    Symbol Name                              Value     Ov Type        Size  Object(Section)

    ../clib/microlib/division.c              0x00000000   Number         0  uldiv.o ABSOLUTE
    ../clib/microlib/division.c              0x00000000   Number         0  uidiv.o ABSOLUTE
    ../clib/microlib/init/entry.s            0x00000000   Number         0  entry9a.o ABSOLUTE
    ../clib/microlib/init/entry.s            0x00000000   Number         0  entry10a.o ABSOLUTE
    ../clib/microlib/init/entry.s            0x00000000   Number         0  entry10b.o ABSOLUTE
    ../clib/microlib/init/entry.s            0x00000000   Number         0  entry11a.o ABSOLUTE
    ../clib/microlib/init/entry.s            0x00000000   Number         0  entry9b.o ABSOLUTE
    ../clib/microlib/init/entry.s            0x00000000   Number         0  entry.o ABSOLUTE
    ../clib/microlib/init/entry.s            0x00000000   Number         0  entry2.o ABSOLUTE
    ../clib/microlib/init/entry.s            0x00000000   Number         0  entry8b.o ABSOLUTE
    ../clib/microlib/init/entry.s            0x00000000   Number         0  entry8a.o ABSOLUTE
    ../clib/microlib/init/entry.s            0x00000000   Number         0  entry7a.o ABSOLUTE
    ../clib/microlib/init/entry.s            0x00000000   Number         0  entry7b.o ABSOLUTE
    ../clib/microlib/init/entry.s            0x00000000   Number         0  entry11b.o ABSOLUTE
    ../clib/microlib/init/entry.s            0x00000000   Number         0  entry5.o ABSOLUTE
    ../clib/microlib/longlong.c              0x00000000   Number         0  llsshr.o ABSOLUTE
    ../clib/microlib/longlong.c              0x00000000   Number         0  llshl.o ABSOLUTE
    ../clib/microlib/longlong.c              0x00000000   Number         0  llushr.o ABSOLUTE
    ../clib/microlib/printf/printf.c         0x00000000   Number         0  printfa.o ABSOLUTE
    ../clib/microlib/printf/printf.c         0x00000000   Number         0  printf4.o ABSOLUTE
    ../clib/microlib/printf/printf.c         0x00000000   Number         0  printf2.o ABSOLUTE
    ../clib/microlib/printf/printf.c         0x00000000   Number         0  printf1.o ABSOLUTE
    ../clib/microlib/printf/printf.c         0x00000000   Number         0  printf0.o ABSOLUTE
    ../clib/microlib/printf/printf.c         0x00000000   Number         0  printf3.o ABSOLUTE
    ../clib/microlib/printf/printf.c         0x00000000   Number         0  printfb.o ABSOLUTE
    ../clib/microlib/printf/printf.c         0x00000000   Number         0  printf7.o ABSOLUTE
    ../clib/microlib/printf/printf.c         0x00000000   Number         0  printf5.o ABSOLUTE
    ../clib/microlib/printf/printf.c         0x00000000   Number         0  printf6.o ABSOLUTE
    ../clib/microlib/printf/printf.c         0x00000000   Number         0  printf8.o ABSOLUTE
    ../clib/microlib/printf/stubs.s          0x00000000   Number         0  stubs.o ABSOLUTE
    ../clib/microlib/stdio/streams.c         0x00000000   Number         0  stdout.o ABSOLUTE
    ../clib/microlib/string/memcpy.c         0x00000000   Number         0  memcpyb.o ABSOLUTE
    ../clib/microlib/string/memcpy.c         0x00000000   Number         0  memcpya.o ABSOLUTE
    ../clib/microlib/string/memset.c         0x00000000   Number         0  memseta.o ABSOLUTE
    ../clib/microlib/string/strlen.c         0x00000000   Number         0  strlen.o ABSOLUTE
    ../clib/microlib/string/strncpy.c        0x00000000   Number         0  strncpy.o ABSOLUTE
    ../clib/microlib/stubs.s                 0x00000000   Number         0  iusefp.o ABSOLUTE
    ../fplib/microlib/fpadd.c                0x00000000   Number         0  dadd.o ABSOLUTE
    ../fplib/microlib/fpdiv.c                0x00000000   Number         0  ddiv.o ABSOLUTE
    ../fplib/microlib/fpepilogue.c           0x00000000   Number         0  depilogue.o ABSOLUTE
    ../fplib/microlib/fpfix.c                0x00000000   Number         0  dfixul.o ABSOLUTE
    ../fplib/microlib/fpmul.c                0x00000000   Number         0  dmul.o ABSOLUTE
    Libraries\CMSIS\core\core_cm3.c          0x00000000   Number         0  core_cm3.o ABSOLUTE
    Libraries\CMSIS\device\startup\startup_stm32l1xx_md.s 0x00000000   Number         0  startup_stm32l1xx_md.o ABSOLUTE
    Libraries\CMSIS\device\system_stm32l1xx.c 0x00000000   Number         0  system_stm32l1xx.o ABSOLUTE
    Libraries\STM32L1xx_StdPeriph_Driver\src\misc.c 0x00000000   Number         0  misc.o ABSOLUTE
    Libraries\STM32L1xx_StdPeriph_Driver\src\stm32l1xx_adc.c 0x00000000   Number         0  stm32l1xx_adc.o ABSOLUTE
    Libraries\STM32L1xx_StdPeriph_Driver\src\stm32l1xx_aes.c 0x00000000   Number         0  stm32l1xx_aes.o ABSOLUTE
    Libraries\STM32L1xx_StdPeriph_Driver\src\stm32l1xx_aes_util.c 0x00000000   Number         0  stm32l1xx_aes_util.o ABSOLUTE
    Libraries\STM32L1xx_StdPeriph_Driver\src\stm32l1xx_comp.c 0x00000000   Number         0  stm32l1xx_comp.o ABSOLUTE
    Libraries\STM32L1xx_StdPeriph_Driver\src\stm32l1xx_crc.c 0x00000000   Number         0  stm32l1xx_crc.o ABSOLUTE
    Libraries\STM32L1xx_StdPeriph_Driver\src\stm32l1xx_dac.c 0x00000000   Number         0  stm32l1xx_dac.o ABSOLUTE
    Libraries\STM32L1xx_StdPeriph_Driver\src\stm32l1xx_dbgmcu.c 0x00000000   Number         0  stm32l1xx_dbgmcu.o ABSOLUTE
    Libraries\STM32L1xx_StdPeriph_Driver\src\stm32l1xx_dma.c 0x00000000   Number         0  stm32l1xx_dma.o ABSOLUTE
    Libraries\STM32L1xx_StdPeriph_Driver\src\stm32l1xx_exti.c 0x00000000   Number         0  stm32l1xx_exti.o ABSOLUTE
    Libraries\STM32L1xx_StdPeriph_Driver\src\stm32l1xx_flash.c 0x00000000   Number         0  stm32l1xx_flash.o ABSOLUTE
    Libraries\STM32L1xx_StdPeriph_Driver\src\stm32l1xx_flash_ramfunc.c 0x00000000   Number         0  stm32l1xx_flash_ramfunc.o ABSOLUTE
    Libraries\STM32L1xx_StdPeriph_Driver\src\stm32l1xx_fsmc.c 0x00000000   Number         0  stm32l1xx_fsmc.o ABSOLUTE
    Libraries\STM32L1xx_StdPeriph_Driver\src\stm32l1xx_gpio.c 0x00000000   Number         0  stm32l1xx_gpio.o ABSOLUTE
    Libraries\STM32L1xx_StdPeriph_Driver\src\stm32l1xx_i2c.c 0x00000000   Number         0  stm32l1xx_i2c.o ABSOLUTE
    Libraries\STM32L1xx_StdPeriph_Driver\src\stm32l1xx_iwdg.c 0x00000000   Number         0  stm32l1xx_iwdg.o ABSOLUTE
    Libraries\STM32L1xx_StdPeriph_Driver\src\stm32l1xx_lcd.c 0x00000000   Number         0  stm32l1xx_lcd.o ABSOLUTE
    Libraries\STM32L1xx_StdPeriph_Driver\src\stm32l1xx_opamp.c 0x00000000   Number         0  stm32l1xx_opamp.o ABSOLUTE
    Libraries\STM32L1xx_StdPeriph_Driver\src\stm32l1xx_pwr.c 0x00000000   Number         0  stm32l1xx_pwr.o ABSOLUTE
    Libraries\STM32L1xx_StdPeriph_Driver\src\stm32l1xx_rcc.c 0x00000000   Number         0  stm32l1xx_rcc.o ABSOLUTE
    Libraries\STM32L1xx_StdPeriph_Driver\src\stm32l1xx_rtc.c 0x00000000   Number         0  stm32l1xx_rtc.o ABSOLUTE
    Libraries\STM32L1xx_StdPeriph_Driver\src\stm32l1xx_sdio.c 0x00000000   Number         0  stm32l1xx_sdio.o ABSOLUTE
    Libraries\STM32L1xx_StdPeriph_Driver\src\stm32l1xx_spi.c 0x00000000   Number         0  stm32l1xx_spi.o ABSOLUTE
    Libraries\STM32L1xx_StdPeriph_Driver\src\stm32l1xx_syscfg.c 0x00000000   Number         0  stm32l1xx_syscfg.o ABSOLUTE
    Libraries\STM32L1xx_StdPeriph_Driver\src\stm32l1xx_tim.c 0x00000000   Number         0  stm32l1xx_tim.o ABSOLUTE
    Libraries\STM32L1xx_StdPeriph_Driver\src\stm32l1xx_usart.c 0x00000000   Number         0  stm32l1xx_usart.o ABSOLUTE
    Libraries\STM32L1xx_StdPeriph_Driver\src\stm32l1xx_wwdg.c 0x00000000   Number         0  stm32l1xx_wwdg.o ABSOLUTE
    Libraries\\CMSIS\\core\\core_cm3.c       0x00000000   Number         0  core_cm3.o ABSOLUTE
    Libraries\\CMSIS\\device\\system_stm32l1xx.c 0x00000000   Number         0  system_stm32l1xx.o ABSOLUTE
    Libraries\\STM32L1xx_StdPeriph_Driver\\src\\misc.c 0x00000000   Number         0  misc.o ABSOLUTE
    Libraries\\STM32L1xx_StdPeriph_Driver\\src\\stm32l1xx_adc.c 0x00000000   Number         0  stm32l1xx_adc.o ABSOLUTE
    Libraries\\STM32L1xx_StdPeriph_Driver\\src\\stm32l1xx_aes.c 0x00000000   Number         0  stm32l1xx_aes.o ABSOLUTE
    Libraries\\STM32L1xx_StdPeriph_Driver\\src\\stm32l1xx_aes_util.c 0x00000000   Number         0  stm32l1xx_aes_util.o ABSOLUTE
    Libraries\\STM32L1xx_StdPeriph_Driver\\src\\stm32l1xx_comp.c 0x00000000   Number         0  stm32l1xx_comp.o ABSOLUTE
    Libraries\\STM32L1xx_StdPeriph_Driver\\src\\stm32l1xx_crc.c 0x00000000   Number         0  stm32l1xx_crc.o ABSOLUTE
    Libraries\\STM32L1xx_StdPeriph_Driver\\src\\stm32l1xx_dac.c 0x00000000   Number         0  stm32l1xx_dac.o ABSOLUTE
    Libraries\\STM32L1xx_StdPeriph_Driver\\src\\stm32l1xx_dbgmcu.c 0x00000000   Number         0  stm32l1xx_dbgmcu.o ABSOLUTE
    Libraries\\STM32L1xx_StdPeriph_Driver\\src\\stm32l1xx_dma.c 0x00000000   Number         0  stm32l1xx_dma.o ABSOLUTE
    Libraries\\STM32L1xx_StdPeriph_Driver\\src\\stm32l1xx_exti.c 0x00000000   Number         0  stm32l1xx_exti.o ABSOLUTE
    Libraries\\STM32L1xx_StdPeriph_Driver\\src\\stm32l1xx_flash.c 0x00000000   Number         0  stm32l1xx_flash.o ABSOLUTE
    Libraries\\STM32L1xx_StdPeriph_Driver\\src\\stm32l1xx_flash_ramfunc.c 0x00000000   Number         0  stm32l1xx_flash_ramfunc.o ABSOLUTE
    Libraries\\STM32L1xx_StdPeriph_Driver\\src\\stm32l1xx_fsmc.c 0x00000000   Number         0  stm32l1xx_fsmc.o ABSOLUTE
    Libraries\\STM32L1xx_StdPeriph_Driver\\src\\stm32l1xx_gpio.c 0x00000000   Number         0  stm32l1xx_gpio.o ABSOLUTE
    Libraries\\STM32L1xx_StdPeriph_Driver\\src\\stm32l1xx_i2c.c 0x00000000   Number         0  stm32l1xx_i2c.o ABSOLUTE
    Libraries\\STM32L1xx_StdPeriph_Driver\\src\\stm32l1xx_iwdg.c 0x00000000   Number         0  stm32l1xx_iwdg.o ABSOLUTE
    Libraries\\STM32L1xx_StdPeriph_Driver\\src\\stm32l1xx_lcd.c 0x00000000   Number         0  stm32l1xx_lcd.o ABSOLUTE
    Libraries\\STM32L1xx_StdPeriph_Driver\\src\\stm32l1xx_opamp.c 0x00000000   Number         0  stm32l1xx_opamp.o ABSOLUTE
    Libraries\\STM32L1xx_StdPeriph_Driver\\src\\stm32l1xx_pwr.c 0x00000000   Number         0  stm32l1xx_pwr.o ABSOLUTE
    Libraries\\STM32L1xx_StdPeriph_Driver\\src\\stm32l1xx_rcc.c 0x00000000   Number         0  stm32l1xx_rcc.o ABSOLUTE
    Libraries\\STM32L1xx_StdPeriph_Driver\\src\\stm32l1xx_rtc.c 0x00000000   Number         0  stm32l1xx_rtc.o ABSOLUTE
    Libraries\\STM32L1xx_StdPeriph_Driver\\src\\stm32l1xx_sdio.c 0x00000000   Number         0  stm32l1xx_sdio.o ABSOLUTE
    Libraries\\STM32L1xx_StdPeriph_Driver\\src\\stm32l1xx_spi.c 0x00000000   Number         0  stm32l1xx_spi.o ABSOLUTE
    Libraries\\STM32L1xx_StdPeriph_Driver\\src\\stm32l1xx_syscfg.c 0x00000000   Number         0  stm32l1xx_syscfg.o ABSOLUTE
    Libraries\\STM32L1xx_StdPeriph_Driver\\src\\stm32l1xx_tim.c 0x00000000   Number         0  stm32l1xx_tim.o ABSOLUTE
    Libraries\\STM32L1xx_StdPeriph_Driver\\src\\stm32l1xx_usart.c 0x00000000   Number         0  stm32l1xx_usart.o ABSOLUTE
    Libraries\\STM32L1xx_StdPeriph_Driver\\src\\stm32l1xx_wwdg.c 0x00000000   Number         0  stm32l1xx_wwdg.o ABSOLUTE
    app\\iwdg.c                              0x00000000   Number         0  iwdg.o ABSOLUTE
    app\\led.c                               0x00000000   Number         0  led.o ABSOLUTE
    app\\rtc.c                               0x00000000   Number         0  rtc.o ABSOLUTE
    app\\usart.c                             0x00000000   Number         0  usart.o ABSOLUTE
    app\iwdg.c                               0x00000000   Number         0  iwdg.o ABSOLUTE
    app\led.c                                0x00000000   Number         0  led.o ABSOLUTE
    app\rtc.c                                0x00000000   Number         0  rtc.o ABSOLUTE
    app\usart.c                              0x00000000   Number         0  usart.o ABSOLUTE
    cdrcmple.s                               0x00000000   Number         0  cdrcmple.o ABSOLUTE
    dc.s                                     0x00000000   Number         0  dc.o ABSOLUTE
    handlers.s                               0x00000000   Number         0  handlers.o ABSOLUTE
    init.s                                   0x00000000   Number         0  init.o ABSOLUTE
    rtos\\portable\\port.c                   0x00000000   Number         0  port.o ABSOLUTE
    rtos\croutine.c                          0x00000000   Number         0  croutine.o ABSOLUTE
    rtos\event_groups.c                      0x00000000   Number         0  event_groups.o ABSOLUTE
    rtos\list.c                              0x00000000   Number         0  list.o ABSOLUTE
    rtos\portable\MemMang\heap_4.c           0x00000000   Number         0  heap_4.o ABSOLUTE
    rtos\portable\port.c                     0x00000000   Number         0  port.o ABSOLUTE
    rtos\queue.c                             0x00000000   Number         0  queue.o ABSOLUTE
    rtos\tasks.c                             0x00000000   Number         0  tasks.o ABSOLUTE
    rtos\timers.c                            0x00000000   Number         0  timers.o ABSOLUTE
    user\\main.c                             0x00000000   Number         0  main.o ABSOLUTE
    user\\stm32l1xx_it.c                     0x00000000   Number         0  stm32l1xx_it.o ABSOLUTE
    user\\systick.c                          0x00000000   Number         0  systick.o ABSOLUTE
    user\freertosSys.c                       0x00000000   Number         0  freertossys.o ABSOLUTE
    user\main.c                              0x00000000   Number         0  main.o ABSOLUTE
    user\stm32l1xx_it.c                      0x00000000   Number         0  stm32l1xx_it.o ABSOLUTE
    user\systick.c                           0x00000000   Number         0  systick.o ABSOLUTE
    RESET                                    0x08000000   Section      244  startup_stm32l1xx_md.o(RESET)
    .ARM.Collect$$$$00000000                 0x080000f4   Section        0  entry.o(.ARM.Collect$$$$00000000)
    .ARM.Collect$$$$00000001                 0x080000f4   Section        4  entry2.o(.ARM.Collect$$$$00000001)
    .ARM.Collect$$$$00000004                 0x080000f8   Section        4  entry5.o(.ARM.Collect$$$$00000004)
    .ARM.Collect$$$$00000008                 0x080000fc   Section        0  entry7b.o(.ARM.Collect$$$$00000008)
    .ARM.Collect$$$$0000000A                 0x080000fc   Section        0  entry8b.o(.ARM.Collect$$$$0000000A)
    .ARM.Collect$$$$0000000B                 0x080000fc   Section        8  entry9a.o(.ARM.Collect$$$$0000000B)
    .ARM.Collect$$$$0000000D                 0x08000104   Section        0  entry10a.o(.ARM.Collect$$$$0000000D)
    .ARM.Collect$$$$0000000F                 0x08000104   Section        0  entry11a.o(.ARM.Collect$$$$0000000F)
    .ARM.Collect$$$$00002712                 0x08000104   Section        4  entry2.o(.ARM.Collect$$$$00002712)
    __lit__00000000                          0x08000104   Data           4  entry2.o(.ARM.Collect$$$$00002712)
    .emb_text                                0x08000108   Section      150  port.o(.emb_text)
    .text                                    0x080001a0   Section       36  startup_stm32l1xx_md.o(.text)
    .text                                    0x080001c4   Section        0  memcpya.o(.text)
    .text                                    0x080001e8   Section        0  memseta.o(.text)
    .text                                    0x0800020c   Section        0  strncpy.o(.text)
    .text                                    0x08000224   Section        0  strlen.o(.text)
    .text                                    0x08000232   Section        0  uldiv.o(.text)
    .text                                    0x08000294   Section       36  init.o(.text)
    .text                                    0x080002b8   Section        0  llshl.o(.text)
    .text                                    0x080002d6   Section        0  llushr.o(.text)
    i.ActiveDevice_ExtiOpen                  0x080002f6   Section        0  main.o(i.ActiveDevice_ExtiOpen)
    i.ActiveDevice_Init                      0x08000348   Section        0  main.o(i.ActiveDevice_Init)
    i.BusFault_Handler                       0x08000370   Section        0  stm32l1xx_it.o(i.BusFault_Handler)
    i.DebugMon_Handler                       0x08000372   Section        0  stm32l1xx_it.o(i.DebugMon_Handler)
    i.EXTI15_10_IRQHandler                   0x08000374   Section        0  main.o(i.EXTI15_10_IRQHandler)
    i.EXTI_ClearITPendingBit                 0x080003dc   Section        0  stm32l1xx_exti.o(i.EXTI_ClearITPendingBit)
    i.EXTI_GetFlagStatus                     0x080003e8   Section        0  stm32l1xx_exti.o(i.EXTI_GetFlagStatus)
    i.EXTI_Init                              0x080003fc   Section        0  stm32l1xx_exti.o(i.EXTI_Init)
    i.GPIO_Init                              0x0800046c   Section        0  stm32l1xx_gpio.o(i.GPIO_Init)
    i.GPIO_PinAFConfig                       0x080004d2   Section        0  stm32l1xx_gpio.o(i.GPIO_PinAFConfig)
    i.GPIO_ReadInputDataBit                  0x080004f2   Section        0  stm32l1xx_gpio.o(i.GPIO_ReadInputDataBit)
    i.GPIO_ResetBits                         0x08000500   Section        0  stm32l1xx_gpio.o(i.GPIO_ResetBits)
    i.HardFault_Handler                      0x08000504   Section        0  stm32l1xx_it.o(i.HardFault_Handler)
    i.IWDG_Enable                            0x08000508   Section        0  stm32l1xx_iwdg.o(i.IWDG_Enable)
    i.IWDG_Feed                              0x08000518   Section        0  iwdg.o(i.IWDG_Feed)
    i.IWDG_Init                              0x0800051c   Section        0  iwdg.o(i.IWDG_Init)
    i.IWDG_ReloadCounter                     0x08000544   Section        0  stm32l1xx_iwdg.o(i.IWDG_ReloadCounter)
    i.IWDG_SetPrescaler                      0x08000554   Section        0  stm32l1xx_iwdg.o(i.IWDG_SetPrescaler)
    i.IWDG_SetReload                         0x08000560   Section        0  stm32l1xx_iwdg.o(i.IWDG_SetReload)
    i.IWDG_WriteAccessCmd                    0x0800056c   Section        0  stm32l1xx_iwdg.o(i.IWDG_WriteAccessCmd)
    i.LedDeInit                              0x08000578   Section        0  led.o(i.LedDeInit)
    i.LedInit                                0x080005a4   Section        0  led.o(i.LedInit)
    i.MemManage_Handler                      0x080005e0   Section        0  stm32l1xx_it.o(i.MemManage_Handler)
    i.NMI_Handler                            0x080005e2   Section        0  stm32l1xx_it.o(i.NMI_Handler)
    i.NVIC_Init                              0x080005e4   Section        0  misc.o(i.NVIC_Init)
    i.NVIC_PriorityGroupConfig               0x08000648   Section        0  misc.o(i.NVIC_PriorityGroupConfig)
    i.OS_PostSleepProcessing                 0x0800065c   Section        0  main.o(i.OS_PostSleepProcessing)
    i.OS_PreSleepProcessing                  0x08000698   Section        0  main.o(i.OS_PreSleepProcessing)
    i.PWR_EnterSTOPMode                      0x080006d0   Section        0  stm32l1xx_pwr.o(i.PWR_EnterSTOPMode)
    i.PWR_RTCAccessCmd                       0x08000704   Section        0  stm32l1xx_pwr.o(i.PWR_RTCAccessCmd)
    i.RCC_AHBPeriphClockCmd                  0x08000710   Section        0  stm32l1xx_rcc.o(i.RCC_AHBPeriphClockCmd)
    i.RCC_APB1PeriphClockCmd                 0x08000728   Section        0  stm32l1xx_rcc.o(i.RCC_APB1PeriphClockCmd)
    i.RCC_APB1PeriphResetCmd                 0x08000740   Section        0  stm32l1xx_rcc.o(i.RCC_APB1PeriphResetCmd)
    i.RCC_APB2PeriphClockCmd                 0x08000758   Section        0  stm32l1xx_rcc.o(i.RCC_APB2PeriphClockCmd)
    i.RCC_APB2PeriphResetCmd                 0x08000770   Section        0  stm32l1xx_rcc.o(i.RCC_APB2PeriphResetCmd)
    i.RCC_GetClocksFreq                      0x08000788   Section        0  stm32l1xx_rcc.o(i.RCC_GetClocksFreq)
    i.RCC_GetFlagStatus                      0x08000830   Section        0  stm32l1xx_rcc.o(i.RCC_GetFlagStatus)
    i.RCC_LSEConfig                          0x08000858   Section        0  stm32l1xx_rcc.o(i.RCC_LSEConfig)
    i.RCC_RTCCLKCmd                          0x08000868   Section        0  stm32l1xx_rcc.o(i.RCC_RTCCLKCmd)
    i.RCC_RTCCLKConfig                       0x08000874   Section        0  stm32l1xx_rcc.o(i.RCC_RTCCLKConfig)
    i.RTC_ClearFlag                          0x080008a8   Section        0  stm32l1xx_rtc.o(i.RTC_ClearFlag)
    i.RTC_ClearITPendingBit                  0x080008c4   Section        0  stm32l1xx_rtc.o(i.RTC_ClearITPendingBit)
    i.RTC_Config                             0x080008e0   Section        0  rtc.o(i.RTC_Config)
    i.RTC_EnterInitMode                      0x08000960   Section        0  stm32l1xx_rtc.o(i.RTC_EnterInitMode)
    i.RTC_ExitInitMode                       0x0800099c   Section        0  stm32l1xx_rtc.o(i.RTC_ExitInitMode)
    i.RTC_GetITStatus                        0x080009ac   Section        0  stm32l1xx_rtc.o(i.RTC_GetITStatus)
    i.RTC_ITConfig                           0x080009ec   Section        0  stm32l1xx_rtc.o(i.RTC_ITConfig)
    i.RTC_Init                               0x08000a2c   Section        0  stm32l1xx_rtc.o(i.RTC_Init)
    i.RTC_ReadBackupRegister                 0x08000a7c   Section        0  stm32l1xx_rtc.o(i.RTC_ReadBackupRegister)
    i.RTC_SetWakeUpCounter                   0x08000a90   Section        0  stm32l1xx_rtc.o(i.RTC_SetWakeUpCounter)
    i.RTC_Set_WKUPTime                       0x08000aac   Section        0  rtc.o(i.RTC_Set_WKUPTime)
    i.RTC_WKUP_IRQHandler                    0x08000b70   Section        0  rtc.o(i.RTC_WKUP_IRQHandler)
    i.RTC_WaitForSynchro                     0x08000bd4   Section        0  stm32l1xx_rtc.o(i.RTC_WaitForSynchro)
    i.RTC_WakeUpClockConfig                  0x08000c1c   Section        0  stm32l1xx_rtc.o(i.RTC_WakeUpClockConfig)
    i.RTC_WakeUpCmd                          0x08000c44   Section        0  stm32l1xx_rtc.o(i.RTC_WakeUpCmd)
    i.RTC_WriteBackupRegister                0x08000c9c   Section        0  stm32l1xx_rtc.o(i.RTC_WriteBackupRegister)
    i.SYSCFG_EXTILineConfig                  0x08000cb0   Section        0  stm32l1xx_syscfg.o(i.SYSCFG_EXTILineConfig)
    i.SetSysClock                            0x08000cd8   Section        0  system_stm32l1xx.o(i.SetSysClock)
    SetSysClock                              0x08000cd9   Thumb Code   184  system_stm32l1xx.o(i.SetSysClock)
    i.SystemInit                             0x08000d9c   Section        0  system_stm32l1xx.o(i.SystemInit)
    i.USART_ClearFlag                        0x08000df0   Section        0  stm32l1xx_usart.o(i.USART_ClearFlag)
    i.USART_Cmd                              0x08000df6   Section        0  stm32l1xx_usart.o(i.USART_Cmd)
    i.USART_DeInit                           0x08000e0c   Section        0  stm32l1xx_usart.o(i.USART_DeInit)
    i.USART_Init                             0x08000e80   Section        0  stm32l1xx_usart.o(i.USART_Init)
    i.USART_SendData                         0x08000f24   Section        0  stm32l1xx_usart.o(i.USART_SendData)
    i.UsageFault_Handler                     0x08000f2c   Section        0  stm32l1xx_it.o(i.UsageFault_Handler)
    i.Usart_Init                             0x08000f30   Section        0  usart.o(i.Usart_Init)
    i.__0printf$5                            0x08000fc4   Section        0  printf5.o(i.__0printf$5)
    i.__scatterload_copy                     0x08000fe4   Section       14  handlers.o(i.__scatterload_copy)
    i.__scatterload_null                     0x08000ff2   Section        2  handlers.o(i.__scatterload_null)
    i.__scatterload_zeroinit                 0x08000ff4   Section       14  handlers.o(i.__scatterload_zeroinit)
    i._printf_core                           0x08001004   Section        0  printf5.o(i._printf_core)
    _printf_core                             0x08001005   Thumb Code   654  printf5.o(i._printf_core)
    i.eTaskConfirmSleepModeStatus            0x080012c0   Section        0  tasks.o(i.eTaskConfirmSleepModeStatus)
    i.fputc                                  0x080012f0   Section        0  usart.o(i.fputc)
    i.freertos_init                          0x0800130c   Section        0  main.o(i.freertos_init)
    i.iwdg_task                              0x08001358   Section        0  main.o(i.iwdg_task)
    i.main                                   0x0800148c   Section        0  main.o(i.main)
    i.pcTaskGetName                          0x080014b4   Section        0  tasks.o(i.pcTaskGetName)
    i.prvAddCurrentTaskToDelayedList         0x080014e8   Section        0  tasks.o(i.prvAddCurrentTaskToDelayedList)
    prvAddCurrentTaskToDelayedList           0x080014e9   Thumb Code   102  tasks.o(i.prvAddCurrentTaskToDelayedList)
    i.prvAddNewTaskToReadyList               0x08001558   Section        0  tasks.o(i.prvAddNewTaskToReadyList)
    prvAddNewTaskToReadyList                 0x08001559   Thumb Code   196  tasks.o(i.prvAddNewTaskToReadyList)
    i.prvCheckForValidListAndQueue           0x08001628   Section        0  timers.o(i.prvCheckForValidListAndQueue)
    prvCheckForValidListAndQueue             0x08001629   Thumb Code    62  timers.o(i.prvCheckForValidListAndQueue)
    i.prvCheckTasksWaitingTermination        0x08001678   Section        0  tasks.o(i.prvCheckTasksWaitingTermination)
    prvCheckTasksWaitingTermination          0x08001679   Thumb Code    70  tasks.o(i.prvCheckTasksWaitingTermination)
    i.prvCopyDataFromQueue                   0x080016c8   Section        0  queue.o(i.prvCopyDataFromQueue)
    prvCopyDataFromQueue                     0x080016c9   Thumb Code    38  queue.o(i.prvCopyDataFromQueue)
    i.prvCopyDataToQueue                     0x080016ee   Section        0  queue.o(i.prvCopyDataToQueue)
    prvCopyDataToQueue                       0x080016ef   Thumb Code   108  queue.o(i.prvCopyDataToQueue)
    i.prvDeleteTCB                           0x0800175a   Section        0  tasks.o(i.prvDeleteTCB)
    prvDeleteTCB                             0x0800175b   Thumb Code    20  tasks.o(i.prvDeleteTCB)
    i.prvGetExpectedIdleTime                 0x08001770   Section        0  tasks.o(i.prvGetExpectedIdleTime)
    prvGetExpectedIdleTime                   0x08001771   Thumb Code    42  tasks.o(i.prvGetExpectedIdleTime)
    i.prvHeapInit                            0x080017a4   Section        0  heap_4.o(i.prvHeapInit)
    prvHeapInit                              0x080017a5   Thumb Code    66  heap_4.o(i.prvHeapInit)
    i.prvIdleTask                            0x080017f0   Section        0  tasks.o(i.prvIdleTask)
    prvIdleTask                              0x080017f1   Thumb Code    62  tasks.o(i.prvIdleTask)
    i.prvInitialiseNewTask                   0x08001844   Section        0  tasks.o(i.prvInitialiseNewTask)
    prvInitialiseNewTask                     0x08001845   Thumb Code   152  tasks.o(i.prvInitialiseNewTask)
    i.prvInsertBlockIntoFreeList             0x080018e0   Section        0  heap_4.o(i.prvInsertBlockIntoFreeList)
    prvInsertBlockIntoFreeList               0x080018e1   Thumb Code    72  heap_4.o(i.prvInsertBlockIntoFreeList)
    i.prvInsertTimerInActiveList             0x0800192c   Section        0  timers.o(i.prvInsertTimerInActiveList)
    prvInsertTimerInActiveList               0x0800192d   Thumb Code    52  timers.o(i.prvInsertTimerInActiveList)
    i.prvIsQueueEmpty                        0x08001964   Section        0  queue.o(i.prvIsQueueEmpty)
    prvIsQueueEmpty                          0x08001965   Thumb Code    28  queue.o(i.prvIsQueueEmpty)
    i.prvProcessReceivedCommands             0x08001980   Section        0  timers.o(i.prvProcessReceivedCommands)
    prvProcessReceivedCommands               0x08001981   Thumb Code   190  timers.o(i.prvProcessReceivedCommands)
    i.prvProcessTimerOrBlockTask             0x08001a54   Section        0  timers.o(i.prvProcessTimerOrBlockTask)
    prvProcessTimerOrBlockTask               0x08001a55   Thumb Code   166  timers.o(i.prvProcessTimerOrBlockTask)
    i.prvResetNextTaskUnblockTime            0x08001b08   Section        0  tasks.o(i.prvResetNextTaskUnblockTime)
    prvResetNextTaskUnblockTime              0x08001b09   Thumb Code    26  tasks.o(i.prvResetNextTaskUnblockTime)
    i.prvSampleTimeNow                       0x08001b28   Section        0  timers.o(i.prvSampleTimeNow)
    prvSampleTimeNow                         0x08001b29   Thumb Code    36  timers.o(i.prvSampleTimeNow)
    i.prvSwitchTimerLists                    0x08001b50   Section        0  timers.o(i.prvSwitchTimerLists)
    prvSwitchTimerLists                      0x08001b51   Thumb Code    96  timers.o(i.prvSwitchTimerLists)
    i.prvTaskExitError                       0x08001bb8   Section        0  port.o(i.prvTaskExitError)
    prvTaskExitError                         0x08001bb9   Thumb Code    32  port.o(i.prvTaskExitError)
    i.prvTimerTask                           0x08001bf4   Section        0  timers.o(i.prvTimerTask)
    prvTimerTask                             0x08001bf5   Thumb Code    32  timers.o(i.prvTimerTask)
    i.prvUnlockQueue                         0x08001c18   Section        0  queue.o(i.prvUnlockQueue)
    prvUnlockQueue                           0x08001c19   Thumb Code   106  queue.o(i.prvUnlockQueue)
    i.pvPortMalloc                           0x08001c84   Section        0  heap_4.o(i.pvPortMalloc)
    i.pvTaskIncrementMutexHeldCount          0x08001d78   Section        0  tasks.o(i.pvTaskIncrementMutexHeldCount)
    i.pxPortInitialiseStack                  0x08001d90   Section        0  port.o(i.pxPortInitialiseStack)
    i.sys_init                               0x08001db4   Section        0  main.o(i.sys_init)
    i.task1                                  0x08001de0   Section        0  main.o(i.task1)
    i.ulTaskNotifyTake                       0x08001f68   Section        0  tasks.o(i.ulTaskNotifyTake)
    i.uxListRemove                           0x08001fd0   Section        0  list.o(i.uxListRemove)
    i.uxTaskPriorityGet                      0x08001ff4   Section        0  tasks.o(i.uxTaskPriorityGet)
    i.vApplicationIdleHook                   0x08002010   Section        0  freertossys.o(i.vApplicationIdleHook)
    i.vApplicationStackOverflowHook          0x08002012   Section        0  freertossys.o(i.vApplicationStackOverflowHook)
    i.vApplicationTickHook                   0x08002024   Section        0  systick.o(i.vApplicationTickHook)
    i.vAssertCalled                          0x08002064   Section        0  freertossys.o(i.vAssertCalled)
    i.vListInitialise                        0x08002082   Section        0  list.o(i.vListInitialise)
    i.vListInitialiseItem                    0x08002098   Section        0  list.o(i.vListInitialiseItem)
    i.vListInsert                            0x0800209e   Section        0  list.o(i.vListInsert)
    i.vListInsertEnd                         0x080020ce   Section        0  list.o(i.vListInsertEnd)
    i.vPortEnterCritical                     0x080020e8   Section        0  port.o(i.vPortEnterCritical)
    i.vPortExitCritical                      0x08002138   Section        0  port.o(i.vPortExitCritical)
    i.vPortFree                              0x08002174   Section        0  heap_4.o(i.vPortFree)
    i.vPortSetupTimerInterrupt               0x080021f4   Section        0  port.o(i.vPortSetupTimerInterrupt)
    i.vPortSuppressTicksAndSleep             0x08002230   Section        0  port.o(i.vPortSuppressTicksAndSleep)
    i.vPortValidateInterruptPriority         0x08002314   Section        0  port.o(i.vPortValidateInterruptPriority)
    i.vQueueAddToRegistry                    0x08002378   Section        0  queue.o(i.vQueueAddToRegistry)
    i.vQueueWaitForMessageRestricted         0x080023a0   Section        0  queue.o(i.vQueueWaitForMessageRestricted)
    i.vTaskDelay                             0x080023e4   Section        0  tasks.o(i.vTaskDelay)
    i.vTaskMissedYield                       0x08002438   Section        0  tasks.o(i.vTaskMissedYield)
    i.vTaskNotifyGiveFromISR                 0x08002444   Section        0  tasks.o(i.vTaskNotifyGiveFromISR)
    i.vTaskPlaceOnEventList                  0x08002500   Section        0  tasks.o(i.vTaskPlaceOnEventList)
    i.vTaskPlaceOnEventListRestricted        0x08002540   Section        0  tasks.o(i.vTaskPlaceOnEventListRestricted)
    i.vTaskPriorityInherit                   0x08002588   Section        0  tasks.o(i.vTaskPriorityInherit)
    i.vTaskSetTimeOutState                   0x0800260c   Section        0  tasks.o(i.vTaskSetTimeOutState)
    i.vTaskStartScheduler                    0x0800263c   Section        0  tasks.o(i.vTaskStartScheduler)
    i.vTaskStepTick                          0x080026b8   Section        0  tasks.o(i.vTaskStepTick)
    i.vTaskSuspendAll                        0x080026f0   Section        0  tasks.o(i.vTaskSuspendAll)
    i.vTaskSwitchContext                     0x08002700   Section        0  tasks.o(i.vTaskSwitchContext)
    i.xPortGetFreeHeapSize                   0x08002790   Section        0  heap_4.o(i.xPortGetFreeHeapSize)
    i.xPortStartScheduler                    0x0800279c   Section        0  port.o(i.xPortStartScheduler)
    i.xPortSysTickHandler                    0x08002810   Section        0  port.o(i.xPortSysTickHandler)
    i.xQueueGenericCreate                    0x0800283c   Section        0  queue.o(i.xQueueGenericCreate)
    i.xQueueGenericReceive                   0x08002898   Section        0  queue.o(i.xQueueGenericReceive)
    i.xQueueGenericReset                     0x08002a04   Section        0  queue.o(i.xQueueGenericReset)
    i.xQueueGenericSend                      0x08002a98   Section        0  queue.o(i.xQueueGenericSend)
    i.xQueueGenericSendFromISR               0x08002bf0   Section        0  queue.o(i.xQueueGenericSendFromISR)
    i.xTaskCheckForTimeOut                   0x08002ca8   Section        0  tasks.o(i.xTaskCheckForTimeOut)
    i.xTaskCreate                            0x08002d18   Section        0  tasks.o(i.xTaskCreate)
    i.xTaskGetSchedulerState                 0x08002d70   Section        0  tasks.o(i.xTaskGetSchedulerState)
    i.xTaskGetTickCount                      0x08002d8c   Section        0  tasks.o(i.xTaskGetTickCount)
    i.xTaskIncrementTick                     0x08002d98   Section        0  tasks.o(i.xTaskIncrementTick)
    i.xTaskPriorityDisinherit                0x08002e74   Section        0  tasks.o(i.xTaskPriorityDisinherit)
    i.xTaskRemoveFromEventList               0x08002f10   Section        0  tasks.o(i.xTaskRemoveFromEventList)
    i.xTaskResumeAll                         0x08002f98   Section        0  tasks.o(i.xTaskResumeAll)
    i.xTimerCreate                           0x08003068   Section        0  timers.o(i.xTimerCreate)
    i.xTimerCreateTimerTask                  0x080030c0   Section        0  timers.o(i.xTimerCreateTimerTask)
    i.xTimerGenericCommand                   0x08003118   Section        0  timers.o(i.xTimerGenericCommand)
    .data                                    0x20000000   Section        8  main.o(.data)
    .data                                    0x20000008   Section        2  systick.o(.data)
    .data                                    0x2000000a   Section       25  stm32l1xx_rcc.o(.data)
    PLLMulTable                              0x2000000a   Data           9  stm32l1xx_rcc.o(.data)
    APBAHBPrescTable                         0x20000013   Data          16  stm32l1xx_rcc.o(.data)
    .data                                    0x20000024   Section       29  system_stm32l1xx.o(.data)
    .data                                    0x20000044   Section       60  tasks.o(.data)
    uxDeletedTasksWaitingCleanUp             0x20000048   Data           4  tasks.o(.data)
    uxCurrentNumberOfTasks                   0x2000004c   Data           4  tasks.o(.data)
    xTickCount                               0x20000050   Data           4  tasks.o(.data)
    uxTopReadyPriority                       0x20000054   Data           4  tasks.o(.data)
    xSchedulerRunning                        0x20000058   Data           4  tasks.o(.data)
    uxPendedTicks                            0x2000005c   Data           4  tasks.o(.data)
    xYieldPending                            0x20000060   Data           4  tasks.o(.data)
    xNumOfOverflows                          0x20000064   Data           4  tasks.o(.data)
    uxTaskNumber                             0x20000068   Data           4  tasks.o(.data)
    xNextTaskUnblockTime                     0x2000006c   Data           4  tasks.o(.data)
    xIdleTaskHandle                          0x20000070   Data           4  tasks.o(.data)
    uxSchedulerSuspended                     0x20000074   Data           4  tasks.o(.data)
    pxDelayedTaskList                        0x20000078   Data           4  tasks.o(.data)
    pxOverflowDelayedTaskList                0x2000007c   Data           4  tasks.o(.data)
    .data                                    0x20000080   Section       20  timers.o(.data)
    xTimerQueue                              0x20000080   Data           4  timers.o(.data)
    xTimerTaskHandle                         0x20000084   Data           4  timers.o(.data)
    xLastTime                                0x20000088   Data           4  timers.o(.data)
    pxCurrentTimerList                       0x2000008c   Data           4  timers.o(.data)
    pxOverflowTimerList                      0x20000090   Data           4  timers.o(.data)
    .data                                    0x20000094   Section       24  port.o(.data)
    ucMaxSysCallPriority                     0x20000094   Data           1  port.o(.data)
    uxCriticalNesting                        0x20000098   Data           4  port.o(.data)
    ulTimerCountsForOneTick                  0x2000009c   Data           4  port.o(.data)
    xMaximumPossibleSuppressedTicks          0x200000a0   Data           4  port.o(.data)
    ulStoppedTimerCompensation               0x200000a4   Data           4  port.o(.data)
    ulMaxPRIGROUPValue                       0x200000a8   Data           4  port.o(.data)
    .data                                    0x200000ac   Section       24  heap_4.o(.data)
    pxEnd                                    0x200000ac   Data           4  heap_4.o(.data)
    xFreeBytesRemaining                      0x200000b0   Data           4  heap_4.o(.data)
    xMinimumEverFreeBytesRemaining           0x200000b4   Data           4  heap_4.o(.data)
    xBlockAllocatedBit                       0x200000b8   Data           4  heap_4.o(.data)
    xStart                                   0x200000bc   Data           8  heap_4.o(.data)
    .data                                    0x200000c4   Section        4  stdout.o(.data)
    .bss                                     0x200000c8   Section       48  systick.o(.bss)
    .bss                                     0x200000f8   Section      220  tasks.o(.bss)
    pxReadyTasksLists                        0x200000f8   Data         120  tasks.o(.bss)
    xDelayedTaskList1                        0x20000170   Data          20  tasks.o(.bss)
    xDelayedTaskList2                        0x20000184   Data          20  tasks.o(.bss)
    xPendingReadyList                        0x20000198   Data          20  tasks.o(.bss)
    xTasksWaitingTermination                 0x200001ac   Data          20  tasks.o(.bss)
    xSuspendedTaskList                       0x200001c0   Data          20  tasks.o(.bss)
    .bss                                     0x200001d4   Section       40  timers.o(.bss)
    xActiveTimerList1                        0x200001d4   Data          20  timers.o(.bss)
    xActiveTimerList2                        0x200001e8   Data          20  timers.o(.bss)
    .bss                                     0x200001fc   Section       40  queue.o(.bss)
    .bss                                     0x20000224   Section    10240  heap_4.o(.bss)
    ucHeap                                   0x20000224   Data       10240  heap_4.o(.bss)
    STACK                                    0x20002a28   Section     4096  startup_stm32l1xx_md.o(STACK)

    Global Symbols

    Symbol Name                              Value     Ov Type        Size  Object(Section)

    BuildAttributes$$THM_ISAv4$P$D$K$B$S$PE$A:L22UL41UL21$X:L11$S22US41US21$IEEE1$IW$USESV6$~STKCKD$USESV7$~SHL$OSPACE$ROPI$EBA8$MICROLIB$REQ8$PRES8$EABIv2 0x00000000   Number         0  anon$$obj.o ABSOLUTE
    __ARM_use_no_argv                        0x00000000   Number         0  main.o ABSOLUTE
    _printf_a                                0x00000000   Number         0  stubs.o ABSOLUTE
    _printf_c                                0x00000000   Number         0  stubs.o ABSOLUTE
    _printf_charcount                        0x00000000   Number         0  stubs.o ABSOLUTE
    _printf_d                                0x00000000   Number         0  stubs.o ABSOLUTE
    _printf_e                                0x00000000   Number         0  stubs.o ABSOLUTE
    _printf_f                                0x00000000   Number         0  stubs.o ABSOLUTE
    _printf_flags                            0x00000000   Number         0  stubs.o ABSOLUTE
    _printf_fp_dec                           0x00000000   Number         0  stubs.o ABSOLUTE
    _printf_fp_hex                           0x00000000   Number         0  stubs.o ABSOLUTE
    _printf_g                                0x00000000   Number         0  stubs.o ABSOLUTE
    _printf_i                                0x00000000   Number         0  stubs.o ABSOLUTE
    _printf_int_dec                          0x00000000   Number         0  stubs.o ABSOLUTE
    _printf_l                                0x00000000   Number         0  stubs.o ABSOLUTE
    _printf_lc                               0x00000000   Number         0  stubs.o ABSOLUTE
    _printf_ll                               0x00000000   Number         0  stubs.o ABSOLUTE
    _printf_lld                              0x00000000   Number         0  stubs.o ABSOLUTE
    _printf_lli                              0x00000000   Number         0  stubs.o ABSOLUTE
    _printf_llo                              0x00000000   Number         0  stubs.o ABSOLUTE
    _printf_llu                              0x00000000   Number         0  stubs.o ABSOLUTE
    _printf_llx                              0x00000000   Number         0  stubs.o ABSOLUTE
    _printf_longlong_dec                     0x00000000   Number         0  stubs.o ABSOLUTE
    _printf_longlong_hex                     0x00000000   Number         0  stubs.o ABSOLUTE
    _printf_longlong_oct                     0x00000000   Number         0  stubs.o ABSOLUTE
    _printf_ls                               0x00000000   Number         0  stubs.o ABSOLUTE
    _printf_mbtowc                           0x00000000   Number         0  stubs.o ABSOLUTE
    _printf_n                                0x00000000   Number         0  stubs.o ABSOLUTE
    _printf_o                                0x00000000   Number         0  stubs.o ABSOLUTE
    _printf_p                                0x00000000   Number         0  stubs.o ABSOLUTE
    _printf_percent                          0x00000000   Number         0  stubs.o ABSOLUTE
    _printf_pre_padding                      0x00000000   Number         0  stubs.o ABSOLUTE
    _printf_return_value                     0x00000000   Number         0  stubs.o ABSOLUTE
    _printf_s                                0x00000000   Number         0  stubs.o ABSOLUTE
    _printf_sizespec                         0x00000000   Number         0  stubs.o ABSOLUTE
    _printf_str                              0x00000000   Number         0  stubs.o ABSOLUTE
    _printf_truncate_signed                  0x00000000   Number         0  stubs.o ABSOLUTE
    _printf_truncate_unsigned                0x00000000   Number         0  stubs.o ABSOLUTE
    _printf_u                                0x00000000   Number         0  stubs.o ABSOLUTE
    _printf_wc                               0x00000000   Number         0  stubs.o ABSOLUTE
    _printf_wctomb                           0x00000000   Number         0  stubs.o ABSOLUTE
    _printf_widthprec                        0x00000000   Number         0  stubs.o ABSOLUTE
    _printf_x                                0x00000000   Number         0  stubs.o ABSOLUTE
    __cpp_initialize__aeabi_                  - Undefined Weak Reference
    __cxa_finalize                            - Undefined Weak Reference
    __decompress                              - Undefined Weak Reference
    _clock_init                               - Undefined Weak Reference
    _microlib_exit                            - Undefined Weak Reference
    __Vectors_Size                           0x000000f4   Number         0  startup_stm32l1xx_md.o ABSOLUTE
    __Vectors                                0x08000000   Data           4  startup_stm32l1xx_md.o(RESET)
    __Vectors_End                            0x080000f4   Data           0  startup_stm32l1xx_md.o(RESET)
    __main                                   0x080000f5   Thumb Code     0  entry.o(.ARM.Collect$$$$00000000)
    _main_stk                                0x080000f5   Thumb Code     0  entry2.o(.ARM.Collect$$$$00000001)
    _main_scatterload                        0x080000f9   Thumb Code     0  entry5.o(.ARM.Collect$$$$00000004)
    __main_after_scatterload                 0x080000fd   Thumb Code     0  entry5.o(.ARM.Collect$$$$00000004)
    _main_clock                              0x080000fd   Thumb Code     0  entry7b.o(.ARM.Collect$$$$00000008)
    _main_cpp_init                           0x080000fd   Thumb Code     0  entry8b.o(.ARM.Collect$$$$0000000A)
    _main_init                               0x080000fd   Thumb Code     0  entry9a.o(.ARM.Collect$$$$0000000B)
    __rt_final_cpp                           0x08000105   Thumb Code     0  entry10a.o(.ARM.Collect$$$$0000000D)
    __rt_final_exit                          0x08000105   Thumb Code     0  entry11a.o(.ARM.Collect$$$$0000000F)
    vPortSVCHandler                          0x08000109   Thumb Code    32  port.o(.emb_text)
    __asm___6_port_c_39a90d8d__prvStartFirstTask 0x0800012d   Thumb Code    28  port.o(.emb_text)
    xPortPendSVHandler                       0x0800014d   Thumb Code    72  port.o(.emb_text)
    vPortGetIPSR                             0x08000199   Thumb Code     6  port.o(.emb_text)
    Reset_Handler                            0x080001a1   Thumb Code     8  startup_stm32l1xx_md.o(.text)
    ADC1_IRQHandler                          0x080001bb   Thumb Code     0  startup_stm32l1xx_md.o(.text)
    COMP_IRQHandler                          0x080001bb   Thumb Code     0  startup_stm32l1xx_md.o(.text)
    DAC_IRQHandler                           0x080001bb   Thumb Code     0  startup_stm32l1xx_md.o(.text)
    DMA1_Channel1_IRQHandler                 0x080001bb   Thumb Code     0  startup_stm32l1xx_md.o(.text)
    DMA1_Channel2_IRQHandler                 0x080001bb   Thumb Code     0  startup_stm32l1xx_md.o(.text)
    DMA1_Channel3_IRQHandler                 0x080001bb   Thumb Code     0  startup_stm32l1xx_md.o(.text)
    DMA1_Channel4_IRQHandler                 0x080001bb   Thumb Code     0  startup_stm32l1xx_md.o(.text)
    DMA1_Channel5_IRQHandler                 0x080001bb   Thumb Code     0  startup_stm32l1xx_md.o(.text)
    DMA1_Channel6_IRQHandler                 0x080001bb   Thumb Code     0  startup_stm32l1xx_md.o(.text)
    DMA1_Channel7_IRQHandler                 0x080001bb   Thumb Code     0  startup_stm32l1xx_md.o(.text)
    EXTI0_IRQHandler                         0x080001bb   Thumb Code     0  startup_stm32l1xx_md.o(.text)
    EXTI1_IRQHandler                         0x080001bb   Thumb Code     0  startup_stm32l1xx_md.o(.text)
    EXTI2_IRQHandler                         0x080001bb   Thumb Code     0  startup_stm32l1xx_md.o(.text)
    EXTI3_IRQHandler                         0x080001bb   Thumb Code     0  startup_stm32l1xx_md.o(.text)
    EXTI4_IRQHandler                         0x080001bb   Thumb Code     0  startup_stm32l1xx_md.o(.text)
    EXTI9_5_IRQHandler                       0x080001bb   Thumb Code     0  startup_stm32l1xx_md.o(.text)
    FLASH_IRQHandler                         0x080001bb   Thumb Code     0  startup_stm32l1xx_md.o(.text)
    I2C1_ER_IRQHandler                       0x080001bb   Thumb Code     0  startup_stm32l1xx_md.o(.text)
    I2C1_EV_IRQHandler                       0x080001bb   Thumb Code     0  startup_stm32l1xx_md.o(.text)
    I2C2_ER_IRQHandler                       0x080001bb   Thumb Code     0  startup_stm32l1xx_md.o(.text)
    I2C2_EV_IRQHandler                       0x080001bb   Thumb Code     0  startup_stm32l1xx_md.o(.text)
    LCD_IRQHandler                           0x080001bb   Thumb Code     0  startup_stm32l1xx_md.o(.text)
    PVD_IRQHandler                           0x080001bb   Thumb Code     0  startup_stm32l1xx_md.o(.text)
    RCC_IRQHandler                           0x080001bb   Thumb Code     0  startup_stm32l1xx_md.o(.text)
    RTC_Alarm_IRQHandler                     0x080001bb   Thumb Code     0  startup_stm32l1xx_md.o(.text)
    SPI1_IRQHandler                          0x080001bb   Thumb Code     0  startup_stm32l1xx_md.o(.text)
    SPI2_IRQHandler                          0x080001bb   Thumb Code     0  startup_stm32l1xx_md.o(.text)
    TAMPER_STAMP_IRQHandler                  0x080001bb   Thumb Code     0  startup_stm32l1xx_md.o(.text)
    TIM10_IRQHandler                         0x080001bb   Thumb Code     0  startup_stm32l1xx_md.o(.text)
    TIM11_IRQHandler                         0x080001bb   Thumb Code     0  startup_stm32l1xx_md.o(.text)
    TIM2_IRQHandler                          0x080001bb   Thumb Code     0  startup_stm32l1xx_md.o(.text)
    TIM3_IRQHandler                          0x080001bb   Thumb Code     0  startup_stm32l1xx_md.o(.text)
    TIM4_IRQHandler                          0x080001bb   Thumb Code     0  startup_stm32l1xx_md.o(.text)
    TIM6_IRQHandler                          0x080001bb   Thumb Code     0  startup_stm32l1xx_md.o(.text)
    TIM7_IRQHandler                          0x080001bb   Thumb Code     0  startup_stm32l1xx_md.o(.text)
    TIM9_IRQHandler                          0x080001bb   Thumb Code     0  startup_stm32l1xx_md.o(.text)
    USART1_IRQHandler                        0x080001bb   Thumb Code     0  startup_stm32l1xx_md.o(.text)
    USART2_IRQHandler                        0x080001bb   Thumb Code     0  startup_stm32l1xx_md.o(.text)
    USART3_IRQHandler                        0x080001bb   Thumb Code     0  startup_stm32l1xx_md.o(.text)
    USB_FS_WKUP_IRQHandler                   0x080001bb   Thumb Code     0  startup_stm32l1xx_md.o(.text)
    USB_HP_IRQHandler                        0x080001bb   Thumb Code     0  startup_stm32l1xx_md.o(.text)
    USB_LP_IRQHandler                        0x080001bb   Thumb Code     0  startup_stm32l1xx_md.o(.text)
    WWDG_IRQHandler                          0x080001bb   Thumb Code     0  startup_stm32l1xx_md.o(.text)
    __aeabi_memcpy                           0x080001c5   Thumb Code    36  memcpya.o(.text)
    __aeabi_memcpy4                          0x080001c5   Thumb Code     0  memcpya.o(.text)
    __aeabi_memcpy8                          0x080001c5   Thumb Code     0  memcpya.o(.text)
    __aeabi_memset                           0x080001e9   Thumb Code    14  memseta.o(.text)
    __aeabi_memset4                          0x080001e9   Thumb Code     0  memseta.o(.text)
    __aeabi_memset8                          0x080001e9   Thumb Code     0  memseta.o(.text)
    __aeabi_memclr                           0x080001f7   Thumb Code     4  memseta.o(.text)
    __aeabi_memclr4                          0x080001f7   Thumb Code     0  memseta.o(.text)
    __aeabi_memclr8                          0x080001f7   Thumb Code     0  memseta.o(.text)
    _memset$wrapper                          0x080001fb   Thumb Code    18  memseta.o(.text)
    strncpy                                  0x0800020d   Thumb Code    24  strncpy.o(.text)
    strlen                                   0x08000225   Thumb Code    14  strlen.o(.text)
    __aeabi_uldivmod                         0x08000233   Thumb Code    98  uldiv.o(.text)
    __scatterload                            0x08000295   Thumb Code    28  init.o(.text)
    __scatterload_rt2                        0x08000295   Thumb Code     0  init.o(.text)
    __aeabi_llsl                             0x080002b9   Thumb Code    30  llshl.o(.text)
    _ll_shift_l                              0x080002b9   Thumb Code     0  llshl.o(.text)
    __aeabi_llsr                             0x080002d7   Thumb Code    32  llushr.o(.text)
    _ll_ushift_r                             0x080002d7   Thumb Code     0  llushr.o(.text)
    ActiveDevice_ExtiOpen                    0x080002f7   Thumb Code    80  main.o(i.ActiveDevice_ExtiOpen)
    ActiveDevice_Init                        0x08000349   Thumb Code    36  main.o(i.ActiveDevice_Init)
    BusFault_Handler                         0x08000371   Thumb Code     2  stm32l1xx_it.o(i.BusFault_Handler)
    DebugMon_Handler                         0x08000373   Thumb Code     2  stm32l1xx_it.o(i.DebugMon_Handler)
    EXTI15_10_IRQHandler                     0x08000375   Thumb Code    68  main.o(i.EXTI15_10_IRQHandler)
    EXTI_ClearITPendingBit                   0x080003dd   Thumb Code     6  stm32l1xx_exti.o(i.EXTI_ClearITPendingBit)
    EXTI_GetFlagStatus                       0x080003e9   Thumb Code    16  stm32l1xx_exti.o(i.EXTI_GetFlagStatus)
    EXTI_Init                                0x080003fd   Thumb Code   108  stm32l1xx_exti.o(i.EXTI_Init)
    GPIO_Init                                0x0800046d   Thumb Code   102  stm32l1xx_gpio.o(i.GPIO_Init)
    GPIO_PinAFConfig                         0x080004d3   Thumb Code    32  stm32l1xx_gpio.o(i.GPIO_PinAFConfig)
    GPIO_ReadInputDataBit                    0x080004f3   Thumb Code    14  stm32l1xx_gpio.o(i.GPIO_ReadInputDataBit)
    GPIO_ResetBits                           0x08000501   Thumb Code     4  stm32l1xx_gpio.o(i.GPIO_ResetBits)
    HardFault_Handler                        0x08000505   Thumb Code     2  stm32l1xx_it.o(i.HardFault_Handler)
    IWDG_Enable                              0x08000509   Thumb Code    10  stm32l1xx_iwdg.o(i.IWDG_Enable)
    IWDG_Feed                                0x08000519   Thumb Code     4  iwdg.o(i.IWDG_Feed)
    IWDG_Init                                0x0800051d   Thumb Code    38  iwdg.o(i.IWDG_Init)
    IWDG_ReloadCounter                       0x08000545   Thumb Code    10  stm32l1xx_iwdg.o(i.IWDG_ReloadCounter)
    IWDG_SetPrescaler                        0x08000555   Thumb Code     6  stm32l1xx_iwdg.o(i.IWDG_SetPrescaler)
    IWDG_SetReload                           0x08000561   Thumb Code     6  stm32l1xx_iwdg.o(i.IWDG_SetReload)
    IWDG_WriteAccessCmd                      0x0800056d   Thumb Code     6  stm32l1xx_iwdg.o(i.IWDG_WriteAccessCmd)
    LedDeInit                                0x08000579   Thumb Code    38  led.o(i.LedDeInit)
    LedInit                                  0x080005a5   Thumb Code    56  led.o(i.LedInit)
    MemManage_Handler                        0x080005e1   Thumb Code     2  stm32l1xx_it.o(i.MemManage_Handler)
    NMI_Handler                              0x080005e3   Thumb Code     2  stm32l1xx_it.o(i.NMI_Handler)
    NVIC_Init                                0x080005e5   Thumb Code    96  misc.o(i.NVIC_Init)
    NVIC_PriorityGroupConfig                 0x08000649   Thumb Code    10  misc.o(i.NVIC_PriorityGroupConfig)
    OS_PostSleepProcessing                   0x0800065d   Thumb Code    32  main.o(i.OS_PostSleepProcessing)
    OS_PreSleepProcessing                    0x08000699   Thumb Code    28  main.o(i.OS_PreSleepProcessing)
    PWR_EnterSTOPMode                        0x080006d1   Thumb Code    42  stm32l1xx_pwr.o(i.PWR_EnterSTOPMode)
    PWR_RTCAccessCmd                         0x08000705   Thumb Code     6  stm32l1xx_pwr.o(i.PWR_RTCAccessCmd)
    RCC_AHBPeriphClockCmd                    0x08000711   Thumb Code    18  stm32l1xx_rcc.o(i.RCC_AHBPeriphClockCmd)
    RCC_APB1PeriphClockCmd                   0x08000729   Thumb Code    18  stm32l1xx_rcc.o(i.RCC_APB1PeriphClockCmd)
    RCC_APB1PeriphResetCmd                   0x08000741   Thumb Code    18  stm32l1xx_rcc.o(i.RCC_APB1PeriphResetCmd)
    RCC_APB2PeriphClockCmd                   0x08000759   Thumb Code    18  stm32l1xx_rcc.o(i.RCC_APB2PeriphClockCmd)
    RCC_APB2PeriphResetCmd                   0x08000771   Thumb Code    18  stm32l1xx_rcc.o(i.RCC_APB2PeriphResetCmd)
    RCC_GetClocksFreq                        0x08000789   Thumb Code   150  stm32l1xx_rcc.o(i.RCC_GetClocksFreq)
    RCC_GetFlagStatus                        0x08000831   Thumb Code    36  stm32l1xx_rcc.o(i.RCC_GetFlagStatus)
    RCC_LSEConfig                            0x08000859   Thumb Code    10  stm32l1xx_rcc.o(i.RCC_LSEConfig)
    RCC_RTCCLKCmd                            0x08000869   Thumb Code     6  stm32l1xx_rcc.o(i.RCC_RTCCLKCmd)
    RCC_RTCCLKConfig                         0x08000875   Thumb Code    48  stm32l1xx_rcc.o(i.RCC_RTCCLKConfig)
    RTC_ClearFlag                            0x080008a9   Thumb Code    24  stm32l1xx_rtc.o(i.RTC_ClearFlag)
    RTC_ClearITPendingBit                    0x080008c5   Thumb Code    24  stm32l1xx_rtc.o(i.RTC_ClearITPendingBit)
    RTC_Config                               0x080008e1   Thumb Code   126  rtc.o(i.RTC_Config)
    RTC_EnterInitMode                        0x08000961   Thumb Code    56  stm32l1xx_rtc.o(i.RTC_EnterInitMode)
    RTC_ExitInitMode                         0x0800099d   Thumb Code    12  stm32l1xx_rtc.o(i.RTC_ExitInitMode)
    RTC_GetITStatus                          0x080009ad   Thumb Code    54  stm32l1xx_rtc.o(i.RTC_GetITStatus)
    RTC_ITConfig                             0x080009ed   Thumb Code    60  stm32l1xx_rtc.o(i.RTC_ITConfig)
    RTC_Init                                 0x08000a2d   Thumb Code    74  stm32l1xx_rtc.o(i.RTC_Init)
    RTC_ReadBackupRegister                   0x08000a7d   Thumb Code    14  stm32l1xx_rtc.o(i.RTC_ReadBackupRegister)
    RTC_SetWakeUpCounter                     0x08000a91   Thumb Code    22  stm32l1xx_rtc.o(i.RTC_SetWakeUpCounter)
    RTC_Set_WKUPTime                         0x08000aad   Thumb Code   156  rtc.o(i.RTC_Set_WKUPTime)
    RTC_WKUP_IRQHandler                      0x08000b71   Thumb Code    70  rtc.o(i.RTC_WKUP_IRQHandler)
    RTC_WaitForSynchro                       0x08000bd5   Thumb Code    68  stm32l1xx_rtc.o(i.RTC_WaitForSynchro)
    RTC_WakeUpClockConfig                    0x08000c1d   Thumb Code    34  stm32l1xx_rtc.o(i.RTC_WakeUpClockConfig)
    RTC_WakeUpCmd                            0x08000c45   Thumb Code    84  stm32l1xx_rtc.o(i.RTC_WakeUpCmd)
    RTC_WriteBackupRegister                  0x08000c9d   Thumb Code    14  stm32l1xx_rtc.o(i.RTC_WriteBackupRegister)
    SYSCFG_EXTILineConfig                    0x08000cb1   Thumb Code    34  stm32l1xx_syscfg.o(i.SYSCFG_EXTILineConfig)
    SystemInit                               0x08000d9d   Thumb Code    68  system_stm32l1xx.o(i.SystemInit)
    USART_ClearFlag                          0x08000df1   Thumb Code     6  stm32l1xx_usart.o(i.USART_ClearFlag)
    USART_Cmd                                0x08000df7   Thumb Code    20  stm32l1xx_usart.o(i.USART_Cmd)
    USART_DeInit                             0x08000e0d   Thumb Code    96  stm32l1xx_usart.o(i.USART_DeInit)
    USART_Init                               0x08000e81   Thumb Code   158  stm32l1xx_usart.o(i.USART_Init)
    USART_SendData                           0x08000f25   Thumb Code     8  stm32l1xx_usart.o(i.USART_SendData)
    UsageFault_Handler                       0x08000f2d   Thumb Code     2  stm32l1xx_it.o(i.UsageFault_Handler)
    Usart_Init                               0x08000f31   Thumb Code   140  usart.o(i.Usart_Init)
    __0printf$5                              0x08000fc5   Thumb Code    22  printf5.o(i.__0printf$5)
    __1printf$5                              0x08000fc5   Thumb Code     0  printf5.o(i.__0printf$5)
    __2printf                                0x08000fc5   Thumb Code     0  printf5.o(i.__0printf$5)
    __scatterload_copy                       0x08000fe5   Thumb Code    14  handlers.o(i.__scatterload_copy)
    __scatterload_null                       0x08000ff3   Thumb Code     2  handlers.o(i.__scatterload_null)
    __scatterload_zeroinit                   0x08000ff5   Thumb Code    14  handlers.o(i.__scatterload_zeroinit)
    eTaskConfirmSleepModeStatus              0x080012c1   Thumb Code    38  tasks.o(i.eTaskConfirmSleepModeStatus)
    fputc                                    0x080012f1   Thumb Code    24  usart.o(i.fputc)
    freertos_init                            0x0800130d   Thumb Code    46  main.o(i.freertos_init)
    iwdg_task                                0x08001359   Thumb Code   160  main.o(i.iwdg_task)
    main                                     0x0800148d   Thumb Code    20  main.o(i.main)
    pcTaskGetName                            0x080014b5   Thumb Code    32  tasks.o(i.pcTaskGetName)
    pvPortMalloc                             0x08001c85   Thumb Code   206  heap_4.o(i.pvPortMalloc)
    pvTaskIncrementMutexHeldCount            0x08001d79   Thumb Code    18  tasks.o(i.pvTaskIncrementMutexHeldCount)
    pxPortInitialiseStack                    0x08001d91   Thumb Code    32  port.o(i.pxPortInitialiseStack)
    sys_init                                 0x08001db5   Thumb Code    44  main.o(i.sys_init)
    task1                                    0x08001de1   Thumb Code   202  main.o(i.task1)
    ulTaskNotifyTake                         0x08001f69   Thumb Code    96  tasks.o(i.ulTaskNotifyTake)
    uxListRemove                             0x08001fd1   Thumb Code    36  list.o(i.uxListRemove)
    uxTaskPriorityGet                        0x08001ff5   Thumb Code    24  tasks.o(i.uxTaskPriorityGet)
    vApplicationIdleHook                     0x08002011   Thumb Code     2  freertossys.o(i.vApplicationIdleHook)
    vApplicationStackOverflowHook            0x08002013   Thumb Code    16  freertossys.o(i.vApplicationStackOverflowHook)
    vApplicationTickHook                     0x08002025   Thumb Code    56  systick.o(i.vApplicationTickHook)
    vAssertCalled                            0x08002065   Thumb Code    30  freertossys.o(i.vAssertCalled)
    vListInitialise                          0x08002083   Thumb Code    22  list.o(i.vListInitialise)
    vListInitialiseItem                      0x08002099   Thumb Code     6  list.o(i.vListInitialiseItem)
    vListInsert                              0x0800209f   Thumb Code    48  list.o(i.vListInsert)
    vListInsertEnd                           0x080020cf   Thumb Code    24  list.o(i.vListInsertEnd)
    vPortEnterCritical                       0x080020e9   Thumb Code    48  port.o(i.vPortEnterCritical)
    vPortExitCritical                        0x08002139   Thumb Code    32  port.o(i.vPortExitCritical)
    vPortFree                                0x08002175   Thumb Code    90  heap_4.o(i.vPortFree)
    vPortSetupTimerInterrupt                 0x080021f5   Thumb Code    52  port.o(i.vPortSetupTimerInterrupt)
    vPortSuppressTicksAndSleep               0x08002231   Thumb Code   224  port.o(i.vPortSuppressTicksAndSleep)
    vPortValidateInterruptPriority           0x08002315   Thumb Code    66  port.o(i.vPortValidateInterruptPriority)
    vQueueAddToRegistry                      0x08002379   Thumb Code    34  queue.o(i.vQueueAddToRegistry)
    vQueueWaitForMessageRestricted           0x080023a1   Thumb Code    68  queue.o(i.vQueueWaitForMessageRestricted)
    vTaskDelay                               0x080023e5   Thumb Code    60  tasks.o(i.vTaskDelay)
    vTaskMissedYield                         0x08002439   Thumb Code     8  tasks.o(i.vTaskMissedYield)
    vTaskNotifyGiveFromISR                   0x08002445   Thumb Code   162  tasks.o(i.vTaskNotifyGiveFromISR)
    vTaskPlaceOnEventList                    0x08002501   Thumb Code    42  tasks.o(i.vTaskPlaceOnEventList)
    vTaskPlaceOnEventListRestricted          0x08002541   Thumb Code    50  tasks.o(i.vTaskPlaceOnEventListRestricted)
    vTaskPriorityInherit                     0x08002589   Thumb Code   124  tasks.o(i.vTaskPriorityInherit)
    vTaskSetTimeOutState                     0x0800260d   Thumb Code    28  tasks.o(i.vTaskSetTimeOutState)
    vTaskStartScheduler                      0x0800263d   Thumb Code    92  tasks.o(i.vTaskStartScheduler)
    vTaskStepTick                            0x080026b9   Thumb Code    34  tasks.o(i.vTaskStepTick)
    vTaskSuspendAll                          0x080026f1   Thumb Code    10  tasks.o(i.vTaskSuspendAll)
    vTaskSwitchContext                       0x08002701   Thumb Code   120  tasks.o(i.vTaskSwitchContext)
    xPortGetFreeHeapSize                     0x08002791   Thumb Code     6  heap_4.o(i.xPortGetFreeHeapSize)
    xPortStartScheduler                      0x0800279d   Thumb Code   102  port.o(i.xPortStartScheduler)
    xPortSysTickHandler                      0x08002811   Thumb Code    38  port.o(i.xPortSysTickHandler)
    xQueueGenericCreate                      0x0800283d   Thumb Code    76  queue.o(i.xQueueGenericCreate)
    xQueueGenericReceive                     0x08002899   Thumb Code   344  queue.o(i.xQueueGenericReceive)
    xQueueGenericReset                       0x08002a05   Thumb Code   128  queue.o(i.xQueueGenericReset)
    xQueueGenericSend                        0x08002a99   Thumb Code   322  queue.o(i.xQueueGenericSend)
    xQueueGenericSendFromISR                 0x08002bf1   Thumb Code   168  queue.o(i.xQueueGenericSendFromISR)
    xTaskCheckForTimeOut                     0x08002ca9   Thumb Code    90  tasks.o(i.xTaskCheckForTimeOut)
    xTaskCreate                              0x08002d19   Thumb Code    86  tasks.o(i.xTaskCreate)
    xTaskGetSchedulerState                   0x08002d71   Thumb Code    22  tasks.o(i.xTaskGetSchedulerState)
    xTaskGetTickCount                        0x08002d8d   Thumb Code     6  tasks.o(i.xTaskGetTickCount)
    xTaskIncrementTick                       0x08002d99   Thumb Code   196  tasks.o(i.xTaskIncrementTick)
    xTaskPriorityDisinherit                  0x08002e75   Thumb Code   132  tasks.o(i.xTaskPriorityDisinherit)
    xTaskRemoveFromEventList                 0x08002f11   Thumb Code   110  tasks.o(i.xTaskRemoveFromEventList)
    xTaskResumeAll                           0x08002f99   Thumb Code   178  tasks.o(i.xTaskResumeAll)
    xTimerCreate                             0x08003069   Thumb Code    72  timers.o(i.xTimerCreate)
    xTimerCreateTimerTask                    0x080030c1   Thumb Code    54  timers.o(i.xTimerCreateTimerTask)
    xTimerGenericCommand                     0x08003119   Thumb Code    96  timers.o(i.xTimerGenericCommand)
    Region$$Table$$Base                      0x0800318c   Number         0  anon$$obj.o(Region$$Table)
    Region$$Table$$Limit                     0x080031ac   Number         0  anon$$obj.o(Region$$Table)
    Task1_Handle                             0x20000000   Data           4  main.o(.data)
    IWDG_Handle                              0x20000004   Data           4  main.o(.data)
    sys_count                                0x20000008   Data           2  systick.o(.data)
    SystemCoreClock                          0x20000024   Data           4  system_stm32l1xx.o(.data)
    PLLMulTable                              0x20000028   Data           9  system_stm32l1xx.o(.data)
    AHBPrescTable                            0x20000031   Data          16  system_stm32l1xx.o(.data)
    pxCurrentTCB                             0x20000044   Data           4  tasks.o(.data)
    __stdout                                 0x200000c4   Data           4  stdout.o(.data)
    g_Tmr                                    0x200000c8   Data          48  systick.o(.bss)
    xQueueRegistry                           0x200001fc   Data          40  queue.o(.bss)
    __initial_sp                             0x20003a28   Data           0  startup_stm32l1xx_md.o(STACK)



==============================================================================

Memory Map of the image

  Image Entry point : 0x080000f5

  Load Region LR_IROM1 (Base: 0x08000000, Size: 0x00003274, Max: 0x00040000, ABSOLUTE)

    Execution Region ER_IROM1 (Base: 0x08000000, Size: 0x000031ac, Max: 0x00040000, ABSOLUTE)

    Base Addr    Size         Type   Attr      Idx    E Section Name        Object

    0x08000000   0x000000f4   Data   RO         4342    RESET               startup_stm32l1xx_md.o
    0x080000f4   0x00000000   Code   RO         5285  * .ARM.Collect$$$$00000000  mc_w.l(entry.o)
    0x080000f4   0x00000004   Code   RO         5559    .ARM.Collect$$$$00000001  mc_w.l(entry2.o)
    0x080000f8   0x00000004   Code   RO         5562    .ARM.Collect$$$$00000004  mc_w.l(entry5.o)
    0x080000fc   0x00000000   Code   RO         5564    .ARM.Collect$$$$00000008  mc_w.l(entry7b.o)
    0x080000fc   0x00000000   Code   RO         5566    .ARM.Collect$$$$0000000A  mc_w.l(entry8b.o)
    0x080000fc   0x00000008   Code   RO         5567    .ARM.Collect$$$$0000000B  mc_w.l(entry9a.o)
    0x08000104   0x00000000   Code   RO         5569    .ARM.Collect$$$$0000000D  mc_w.l(entry10a.o)
    0x08000104   0x00000000   Code   RO         5571    .ARM.Collect$$$$0000000F  mc_w.l(entry11a.o)
    0x08000104   0x00000004   Code   RO         5560    .ARM.Collect$$$$00002712  mc_w.l(entry2.o)
    0x08000108   0x00000096   Code   RO         4876    .emb_text           port.o
    0x0800019e   0x00000002   PAD
    0x080001a0   0x00000024   Code   RO         4343    .text               startup_stm32l1xx_md.o
    0x080001c4   0x00000024   Code   RO         5288    .text               mc_w.l(memcpya.o)
    0x080001e8   0x00000024   Code   RO         5290    .text               mc_w.l(memseta.o)
    0x0800020c   0x00000018   Code   RO         5292    .text               mc_w.l(strncpy.o)
    0x08000224   0x0000000e   Code   RO         5294    .text               mc_w.l(strlen.o)
    0x08000232   0x00000062   Code   RO         5576    .text               mc_w.l(uldiv.o)
    0x08000294   0x00000024   Code   RO         5589    .text               mc_w.l(init.o)
    0x080002b8   0x0000001e   Code   RO         5591    .text               mc_w.l(llshl.o)
    0x080002d6   0x00000020   Code   RO         5593    .text               mc_w.l(llushr.o)
    0x080002f6   0x00000050   Code   RO            4    i.ActiveDevice_ExtiOpen  main.o
    0x08000346   0x00000002   PAD
    0x08000348   0x00000028   Code   RO            5    i.ActiveDevice_Init  main.o
    0x08000370   0x00000002   Code   RO          248    i.BusFault_Handler  stm32l1xx_it.o
    0x08000372   0x00000002   Code   RO          249    i.DebugMon_Handler  stm32l1xx_it.o
    0x08000374   0x00000068   Code   RO            6    i.EXTI15_10_IRQHandler  main.o
    0x080003dc   0x0000000c   Code   RO         1405    i.EXTI_ClearITPendingBit  stm32l1xx_exti.o
    0x080003e8   0x00000014   Code   RO         1408    i.EXTI_GetFlagStatus  stm32l1xx_exti.o
    0x080003fc   0x00000070   Code   RO         1410    i.EXTI_Init         stm32l1xx_exti.o
    0x0800046c   0x00000066   Code   RO         1859    i.GPIO_Init         stm32l1xx_gpio.o
    0x080004d2   0x00000020   Code   RO         1860    i.GPIO_PinAFConfig  stm32l1xx_gpio.o
    0x080004f2   0x0000000e   Code   RO         1863    i.GPIO_ReadInputDataBit  stm32l1xx_gpio.o
    0x08000500   0x00000004   Code   RO         1866    i.GPIO_ResetBits    stm32l1xx_gpio.o
    0x08000504   0x00000002   Code   RO          250    i.HardFault_Handler  stm32l1xx_it.o
    0x08000506   0x00000002   PAD
    0x08000508   0x00000010   Code   RO         2168    i.IWDG_Enable       stm32l1xx_iwdg.o
    0x08000518   0x00000004   Code   RO          569    i.IWDG_Feed         iwdg.o
    0x0800051c   0x00000026   Code   RO          570    i.IWDG_Init         iwdg.o
    0x08000542   0x00000002   PAD
    0x08000544   0x00000010   Code   RO         2170    i.IWDG_ReloadCounter  stm32l1xx_iwdg.o
    0x08000554   0x0000000c   Code   RO         2171    i.IWDG_SetPrescaler  stm32l1xx_iwdg.o
    0x08000560   0x0000000c   Code   RO         2172    i.IWDG_SetReload    stm32l1xx_iwdg.o
    0x0800056c   0x0000000c   Code   RO         2173    i.IWDG_WriteAccessCmd  stm32l1xx_iwdg.o
    0x08000578   0x0000002c   Code   RO          429    i.LedDeInit         led.o
    0x080005a4   0x0000003c   Code   RO          430    i.LedInit           led.o
    0x080005e0   0x00000002   Code   RO          251    i.MemManage_Handler  stm32l1xx_it.o
    0x080005e2   0x00000002   Code   RO          252    i.NMI_Handler       stm32l1xx_it.o
    0x080005e4   0x00000064   Code   RO          600    i.NVIC_Init         misc.o
    0x08000648   0x00000014   Code   RO          601    i.NVIC_PriorityGroupConfig  misc.o
    0x0800065c   0x0000003c   Code   RO            7    i.OS_PostSleepProcessing  main.o
    0x08000698   0x00000038   Code   RO            8    i.OS_PreSleepProcessing  main.o
    0x080006d0   0x00000034   Code   RO         2412    i.PWR_EnterSTOPMode  stm32l1xx_pwr.o
    0x08000704   0x0000000c   Code   RO         2418    i.PWR_RTCAccessCmd  stm32l1xx_pwr.o
    0x08000710   0x00000018   Code   RO         2506    i.RCC_AHBPeriphClockCmd  stm32l1xx_rcc.o
    0x08000728   0x00000018   Code   RO         2509    i.RCC_APB1PeriphClockCmd  stm32l1xx_rcc.o
    0x08000740   0x00000018   Code   RO         2511    i.RCC_APB1PeriphResetCmd  stm32l1xx_rcc.o
    0x08000758   0x00000018   Code   RO         2512    i.RCC_APB2PeriphClockCmd  stm32l1xx_rcc.o
    0x08000770   0x00000018   Code   RO         2514    i.RCC_APB2PeriphResetCmd  stm32l1xx_rcc.o
    0x08000788   0x000000a8   Code   RO         2521    i.RCC_GetClocksFreq  stm32l1xx_rcc.o
    0x08000830   0x00000028   Code   RO         2522    i.RCC_GetFlagStatus  stm32l1xx_rcc.o
    0x08000858   0x00000010   Code   RO         2530    i.RCC_LSEConfig     stm32l1xx_rcc.o
    0x08000868   0x0000000c   Code   RO         2539    i.RCC_RTCCLKCmd     stm32l1xx_rcc.o
    0x08000874   0x00000034   Code   RO         2540    i.RCC_RTCCLKConfig  stm32l1xx_rcc.o
    0x080008a8   0x0000001c   Code   RO         2758    i.RTC_ClearFlag     stm32l1xx_rtc.o
    0x080008c4   0x0000001c   Code   RO         2759    i.RTC_ClearITPendingBit  stm32l1xx_rtc.o
    0x080008e0   0x0000007e   Code   RO          479    i.RTC_Config        rtc.o
    0x0800095e   0x00000002   PAD
    0x08000960   0x0000003c   Code   RO         2765    i.RTC_EnterInitMode  stm32l1xx_rtc.o
    0x0800099c   0x00000010   Code   RO         2766    i.RTC_ExitInitMode  stm32l1xx_rtc.o
    0x080009ac   0x00000040   Code   RO         2771    i.RTC_GetITStatus   stm32l1xx_rtc.o
    0x080009ec   0x00000040   Code   RO         2778    i.RTC_ITConfig      stm32l1xx_rtc.o
    0x08000a2c   0x00000050   Code   RO         2779    i.RTC_Init          stm32l1xx_rtc.o
    0x08000a7c   0x00000014   Code   RO         2782    i.RTC_ReadBackupRegister  stm32l1xx_rtc.o
    0x08000a90   0x0000001c   Code   RO         2787    i.RTC_SetWakeUpCounter  stm32l1xx_rtc.o
    0x08000aac   0x000000c4   Code   RO          480    i.RTC_Set_WKUPTime  rtc.o
    0x08000b70   0x00000064   Code   RO          481    i.RTC_WKUP_IRQHandler  rtc.o
    0x08000bd4   0x00000048   Code   RO         2800    i.RTC_WaitForSynchro  stm32l1xx_rtc.o
    0x08000c1c   0x00000028   Code   RO         2801    i.RTC_WakeUpClockConfig  stm32l1xx_rtc.o
    0x08000c44   0x00000058   Code   RO         2802    i.RTC_WakeUpCmd     stm32l1xx_rtc.o
    0x08000c9c   0x00000014   Code   RO         2803    i.RTC_WriteBackupRegister  stm32l1xx_rtc.o
    0x08000cb0   0x00000028   Code   RO         3439    i.SYSCFG_EXTILineConfig  stm32l1xx_syscfg.o
    0x08000cd8   0x000000c4   Code   RO         4289    i.SetSysClock       system_stm32l1xx.o
    0x08000d9c   0x00000054   Code   RO         4291    i.SystemInit        system_stm32l1xx.o
    0x08000df0   0x00000006   Code   RO         4029    i.USART_ClearFlag   stm32l1xx_usart.o
    0x08000df6   0x00000014   Code   RO         4033    i.USART_Cmd         stm32l1xx_usart.o
    0x08000e0a   0x00000002   PAD
    0x08000e0c   0x00000074   Code   RO         4035    i.USART_DeInit      stm32l1xx_usart.o
    0x08000e80   0x000000a4   Code   RO         4040    i.USART_Init        stm32l1xx_usart.o
    0x08000f24   0x00000008   Code   RO         4050    i.USART_SendData    stm32l1xx_usart.o
    0x08000f2c   0x00000002   Code   RO          256    i.UsageFault_Handler  stm32l1xx_it.o
    0x08000f2e   0x00000002   PAD
    0x08000f30   0x00000094   Code   RO          527    i.Usart_Init        usart.o
    0x08000fc4   0x00000020   Code   RO         5431    i.__0printf$5       mc_w.l(printf5.o)
    0x08000fe4   0x0000000e   Code   RO         5601    i.__scatterload_copy  mc_w.l(handlers.o)
    0x08000ff2   0x00000002   Code   RO         5602    i.__scatterload_null  mc_w.l(handlers.o)
    0x08000ff4   0x0000000e   Code   RO         5603    i.__scatterload_zeroinit  mc_w.l(handlers.o)
    0x08001002   0x00000002   PAD
    0x08001004   0x000002bc   Code   RO         5438    i._printf_core      mc_w.l(printf5.o)
    0x080012c0   0x00000030   Code   RO         4401    i.eTaskConfirmSleepModeStatus  tasks.o
    0x080012f0   0x0000001c   Code   RO          528    i.fputc             usart.o
    0x0800130c   0x0000004c   Code   RO            9    i.freertos_init     main.o
    0x08001358   0x00000134   Code   RO           10    i.iwdg_task         main.o
    0x0800148c   0x00000028   Code   RO           11    i.main              main.o
    0x080014b4   0x00000034   Code   RO         4403    i.pcTaskGetName     tasks.o
    0x080014e8   0x00000070   Code   RO         4404    i.prvAddCurrentTaskToDelayedList  tasks.o
    0x08001558   0x000000d0   Code   RO         4405    i.prvAddNewTaskToReadyList  tasks.o
    0x08001628   0x00000050   Code   RO         4761    i.prvCheckForValidListAndQueue  timers.o
    0x08001678   0x00000050   Code   RO         4406    i.prvCheckTasksWaitingTermination  tasks.o
    0x080016c8   0x00000026   Code   RO         4960    i.prvCopyDataFromQueue  queue.o
    0x080016ee   0x0000006c   Code   RO         4961    i.prvCopyDataToQueue  queue.o
    0x0800175a   0x00000014   Code   RO         4407    i.prvDeleteTCB      tasks.o
    0x0800176e   0x00000002   PAD
    0x08001770   0x00000034   Code   RO         4408    i.prvGetExpectedIdleTime  tasks.o
    0x080017a4   0x0000004c   Code   RO         5150    i.prvHeapInit       heap_4.o
    0x080017f0   0x00000054   Code   RO         4409    i.prvIdleTask       tasks.o
    0x08001844   0x0000009c   Code   RO         4410    i.prvInitialiseNewTask  tasks.o
    0x080018e0   0x0000004c   Code   RO         5151    i.prvInsertBlockIntoFreeList  heap_4.o
    0x0800192c   0x00000038   Code   RO         4762    i.prvInsertTimerInActiveList  timers.o
    0x08001964   0x0000001c   Code   RO         4962    i.prvIsQueueEmpty   queue.o
    0x08001980   0x000000d4   Code   RO         4763    i.prvProcessReceivedCommands  timers.o
    0x08001a54   0x000000b4   Code   RO         4764    i.prvProcessTimerOrBlockTask  timers.o
    0x08001b08   0x00000020   Code   RO         4412    i.prvResetNextTaskUnblockTime  tasks.o
    0x08001b28   0x00000028   Code   RO         4765    i.prvSampleTimeNow  timers.o
    0x08001b50   0x00000068   Code   RO         4766    i.prvSwitchTimerLists  timers.o
    0x08001bb8   0x0000003c   Code   RO         4877    i.prvTaskExitError  port.o
    0x08001bf4   0x00000024   Code   RO         4767    i.prvTimerTask      timers.o
    0x08001c18   0x0000006a   Code   RO         4963    i.prvUnlockQueue    queue.o
    0x08001c82   0x00000002   PAD
    0x08001c84   0x000000f4   Code   RO         5152    i.pvPortMalloc      heap_4.o
    0x08001d78   0x00000018   Code   RO         4414    i.pvTaskIncrementMutexHeldCount  tasks.o
    0x08001d90   0x00000024   Code   RO         4878    i.pxPortInitialiseStack  port.o
    0x08001db4   0x0000002c   Code   RO           12    i.sys_init          main.o
    0x08001de0   0x00000188   Code   RO           13    i.task1             main.o
    0x08001f68   0x00000068   Code   RO         4415    i.ulTaskNotifyTake  tasks.o
    0x08001fd0   0x00000024   Code   RO         4356    i.uxListRemove      list.o
    0x08001ff4   0x0000001c   Code   RO         4419    i.uxTaskPriorityGet  tasks.o
    0x08002010   0x00000002   Code   RO          317    i.vApplicationIdleHook  freertossys.o
    0x08002012   0x00000010   Code   RO          319    i.vApplicationStackOverflowHook  freertossys.o
    0x08002022   0x00000002   PAD
    0x08002024   0x00000040   Code   RO          370    i.vApplicationTickHook  systick.o
    0x08002064   0x0000001e   Code   RO          320    i.vAssertCalled     freertossys.o
    0x08002082   0x00000016   Code   RO         4357    i.vListInitialise   list.o
    0x08002098   0x00000006   Code   RO         4358    i.vListInitialiseItem  list.o
    0x0800209e   0x00000030   Code   RO         4359    i.vListInsert       list.o
    0x080020ce   0x00000018   Code   RO         4360    i.vListInsertEnd    list.o
    0x080020e6   0x00000002   PAD
    0x080020e8   0x00000050   Code   RO         4880    i.vPortEnterCritical  port.o
    0x08002138   0x0000003c   Code   RO         4881    i.vPortExitCritical  port.o
    0x08002174   0x00000080   Code   RO         5153    i.vPortFree         heap_4.o
    0x080021f4   0x0000003c   Code   RO         4882    i.vPortSetupTimerInterrupt  port.o
    0x08002230   0x000000e4   Code   RO         4883    i.vPortSuppressTicksAndSleep  port.o
    0x08002314   0x00000064   Code   RO         4884    i.vPortValidateInterruptPriority  port.o
    0x08002378   0x00000028   Code   RO         4969    i.vQueueAddToRegistry  queue.o
    0x080023a0   0x00000044   Code   RO         4973    i.vQueueWaitForMessageRestricted  queue.o
    0x080023e4   0x00000054   Code   RO         4422    i.vTaskDelay        tasks.o
    0x08002438   0x0000000c   Code   RO         4427    i.vTaskMissedYield  tasks.o
    0x08002444   0x000000bc   Code   RO         4428    i.vTaskNotifyGiveFromISR  tasks.o
    0x08002500   0x00000040   Code   RO         4429    i.vTaskPlaceOnEventList  tasks.o
    0x08002540   0x00000048   Code   RO         4430    i.vTaskPlaceOnEventListRestricted  tasks.o
    0x08002588   0x00000084   Code   RO         4432    i.vTaskPriorityInherit  tasks.o
    0x0800260c   0x00000030   Code   RO         4436    i.vTaskSetTimeOutState  tasks.o
    0x0800263c   0x0000007c   Code   RO         4437    i.vTaskStartScheduler  tasks.o
    0x080026b8   0x00000038   Code   RO         4438    i.vTaskStepTick     tasks.o
    0x080026f0   0x00000010   Code   RO         4440    i.vTaskSuspendAll   tasks.o
    0x08002700   0x00000090   Code   RO         4441    i.vTaskSwitchContext  tasks.o
    0x08002790   0x0000000c   Code   RO         5155    i.xPortGetFreeHeapSize  heap_4.o
    0x0800279c   0x00000074   Code   RO         4885    i.xPortStartScheduler  port.o
    0x08002810   0x0000002c   Code   RO         4886    i.xPortSysTickHandler  port.o
    0x0800283c   0x0000005c   Code   RO         4976    i.xQueueGenericCreate  queue.o
    0x08002898   0x0000016c   Code   RO         4977    i.xQueueGenericReceive  queue.o
    0x08002a04   0x00000094   Code   RO         4978    i.xQueueGenericReset  queue.o
    0x08002a98   0x00000158   Code   RO         4979    i.xQueueGenericSend  queue.o
    0x08002bf0   0x000000b8   Code   RO         4980    i.xQueueGenericSendFromISR  queue.o
    0x08002ca8   0x00000070   Code   RO         4442    i.xTaskCheckForTimeOut  tasks.o
    0x08002d18   0x00000056   Code   RO         4443    i.xTaskCreate       tasks.o
    0x08002d6e   0x00000002   PAD
    0x08002d70   0x0000001c   Code   RO         4447    i.xTaskGetSchedulerState  tasks.o
    0x08002d8c   0x0000000c   Code   RO         4448    i.xTaskGetTickCount  tasks.o
    0x08002d98   0x000000dc   Code   RO         4450    i.xTaskIncrementTick  tasks.o
    0x08002e74   0x0000009c   Code   RO         4453    i.xTaskPriorityDisinherit  tasks.o
    0x08002f10   0x00000088   Code   RO         4454    i.xTaskRemoveFromEventList  tasks.o
    0x08002f98   0x000000d0   Code   RO         4456    i.xTaskResumeAll    tasks.o
    0x08003068   0x00000058   Code   RO         4770    i.xTimerCreate      timers.o
    0x080030c0   0x00000058   Code   RO         4771    i.xTimerCreateTimerTask  timers.o
    0x08003118   0x00000074   Code   RO         4772    i.xTimerGenericCommand  timers.o
    0x0800318c   0x00000020   Data   RO         5599    Region$$Table       anon$$obj.o


    Execution Region RW_IRAM1 (Base: 0x20000000, Size: 0x00003a28, Max: 0x00008000, ABSOLUTE)

    Base Addr    Size         Type   Attr      Idx    E Section Name        Object

    0x20000000   0x00000008   Data   RW           14    .data               main.o
    0x20000008   0x00000002   Data   RW          372    .data               systick.o
    0x2000000a   0x00000019   Data   RW         2544    .data               stm32l1xx_rcc.o
    0x20000023   0x00000001   PAD
    0x20000024   0x0000001d   Data   RW         4292    .data               system_stm32l1xx.o
    0x20000041   0x00000003   PAD
    0x20000044   0x0000003c   Data   RW         4459    .data               tasks.o
    0x20000080   0x00000014   Data   RW         4780    .data               timers.o
    0x20000094   0x00000018   Data   RW         4887    .data               port.o
    0x200000ac   0x00000018   Data   RW         5158    .data               heap_4.o
    0x200000c4   0x00000004   Data   RW         5573    .data               mc_w.l(stdout.o)
    0x200000c8   0x00000030   Zero   RW          371    .bss                systick.o
    0x200000f8   0x000000dc   Zero   RW         4458    .bss                tasks.o
    0x200001d4   0x00000028   Zero   RW         4779    .bss                timers.o
    0x200001fc   0x00000028   Zero   RW         4988    .bss                queue.o
    0x20000224   0x00002800   Zero   RW         5157    .bss                heap_4.o
    0x20002a24   0x00000004   PAD
    0x20002a28   0x00001000   Zero   RW         4340    STACK               startup_stm32l1xx_md.o


==============================================================================

Image component sizes


      Code (inc. data)   RO Data    RW Data    ZI Data      Debug   Object Name

        48          0          0          0          0       6663   freertossys.o
       536         96          0         24      10240       3770   heap_4.o
        42          0          0          0          0        788   iwdg.o
       104         10          0          0          0        850   led.o
       136          0          0          0          0       3930   list.o
      1200        484          0          8          0     250331   main.o
       120         14          0          0          0       1443   misc.o
       934        170          0         24          0      10074   port.o
      1520        100          0          0         40      17369   queue.o
       422         70          0          0          0       2144   rtc.o
        36          8        244          0       4096        804   startup_stm32l1xx_md.o
       144         14          0          0          0       2030   stm32l1xx_exti.o
       152          0          0          0          0       2684   stm32l1xx_gpio.o
        12          0          0          0          0       2281   stm32l1xx_it.o
        68         30          0          0          0       2378   stm32l1xx_iwdg.o
        64         16          0          0          0       1031   stm32l1xx_pwr.o
       408         68          0         25          0       7347   stm32l1xx_rcc.o
       608         68          0          0          0       8514   stm32l1xx_rtc.o
        40          6          0          0          0        580   stm32l1xx_syscfg.o
       314         26          0          0          0       3551   stm32l1xx_usart.o
       280         28          0         29          0       1741   system_stm32l1xx.o
        64          8          0          2         48       2857   systick.o
      2898        470          0         60        220      29005   tasks.o
      1000        154          0         20         40       7518   timers.o
       176         12          0          0          0       1061   usart.o

    ----------------------------------------------------------------------
     11350       1852        276        196      14688     370744   Object Totals
         0          0         32          0          0          0   (incl. Generated)
        24          0          0          4          4          0   (incl. Padding)

    ----------------------------------------------------------------------

      Code (inc. data)   RO Data    RW Data    ZI Data      Debug   Library Member Name

         0          0          0          0          0          0   entry.o
         0          0          0          0          0          0   entry10a.o
         0          0          0          0          0          0   entry11a.o
         8          4          0          0          0          0   entry2.o
         4          0          0          0          0          0   entry5.o
         0          0          0          0          0          0   entry7b.o
         0          0          0          0          0          0   entry8b.o
         8          4          0          0          0          0   entry9a.o
        30          0          0          0          0          0   handlers.o
        36          8          0          0          0         68   init.o
        30          0          0          0          0         68   llshl.o
        32          0          0          0          0         68   llushr.o
        36          0          0          0          0         68   memcpya.o
        36          0          0          0          0        108   memseta.o
       732         56          0          0          0        184   printf5.o
         0          0          0          4          0          0   stdout.o
        14          0          0          0          0         68   strlen.o
        24          0          0          0          0         76   strncpy.o
        98          0          0          0          0         92   uldiv.o

    ----------------------------------------------------------------------
      1090         72          0          4          0        800   Library Totals
         2          0          0          0          0          0   (incl. Padding)

    ----------------------------------------------------------------------

      Code (inc. data)   RO Data    RW Data    ZI Data      Debug   Library Name

      1088         72          0          4          0        800   mc_w.l

    ----------------------------------------------------------------------
      1090         72          0          4          0        800   Library Totals

    ----------------------------------------------------------------------

==============================================================================


      Code (inc. data)   RO Data    RW Data    ZI Data      Debug   

     12440       1924        276        200      14688     363844   Grand Totals
     12440       1924        276        200      14688     363844   ELF Image Totals
     12440       1924        276        200          0          0   ROM Totals

==============================================================================

    Total RO  Size (Code + RO Data)                12716 (  12.42kB)
    Total RW  Size (RW Data + ZI Data)             14888 (  14.54kB)
    Total ROM Size (Code + RO Data + RW Data)      12916 (  12.61kB)

==============================================================================

